
> frontend@0.1.0 test
> vitest run --run


[1m[46m RUN [49m[22m [36mv3.2.4 [39m[90mC:/Users/ivyho/OneDrive/Desktop/happycows_cs156/proj-happycows/frontend[39m
      [2mCoverage enabled with [22m[33mv8[39m

 [32mΓ£ô[39m src/tests/utils/systemInfo.test.jsx [2m([22m[2m3 tests[22m[2m)[22m[33m 436[2mms[22m[39m
node.exe : [90mstderr[2m | src/tests/pages/AdminDashboardPage.test.jsx[2m > 
[22m[2mAdminDashboardPage[2m > [22m[2mrenders full dashboard content for 
a valid id
At line:1 char:1
+ & "C:\Program Files\nodejs/node.exe" "C:\Users\ivyho\AppData\Roaming\ ...
+ ~~~~~~~~~~~~~~~~~~~~~~~~~~~~~~~~~~~~~~~~~~~~~~~~~~~~~~~~~~~~~~~~~~~~~
    + CategoryInfo          : NotSpecified: ([90mstderr[2m... for a valid id 
   :String) [], RemoteException
    + FullyQualifiedErrorId : NativeCommandError
 
[22m[39mError getting roles:  TypeError: Cannot read properties of undefined 
(reading 'map')
    at Object.initialData.loggedIn [as queryFn] [90m(C:\Users\ivyho\OneDrive\D
esktop\happycows_cs156\proj-happycows\frontend\[39msrc\main\utils\currentUser.
js:13:43[90m)[39m
[90m    at processTicksAndRejections 
(node:internal/process/task_queues:103:5)[39m

[90mstderr[2m | src/tests/pages/AdminDashboardPage.test.jsx[2m > 
[22m[2mAdminDashboardPage[2m > [22m[2mrenders full dashboard content for 
a valid id
[22m[39mWarning: An update to BasicLayout inside a test was not wrapped in 
act(...).

When testing, code that causes React state updates should be wrapped into 
act(...):

act(() => {
  /* fire events that update state */
});
/* assert on the output */

This ensures that you're testing the behavior the user would see in the 
browser. Learn more at https://reactjs.org/link/wrap-tests-with-act
    at BasicLayout (C:\Users\ivyho\OneDrive\Desktop\happycows_cs156\proj-happyc
ows\frontend\src\main\layouts\BasicLayout\BasicLayout.jsx:14:24)
    at AdminDashboardPage (C:\Users\ivyho\OneDrive\Desktop\happycows_cs156\proj
-happycows\frontend\src\main\pages\AdminDashboardPage.jsx:13:55)
    at RenderedRoute (C:\Users\ivyho\OneDrive\Desktop\happycows_cs156\proj-happ
ycows\frontend\node_modules\react-router\dist\development\chunk-ZO66TDGB.js:642
6:26)
    at Routes (C:\Users\ivyho\OneDrive\Desktop\happycows_cs156\proj-happycows\f
rontend\node_modules\react-router\dist\development\chunk-CSDGKXLR.js:496:3)
    at Router (C:\Users\ivyho\OneDrive\Desktop\happycows_cs156\proj-happycows\f
rontend\node_modules\react-router\dist\development\chunk-CSDGKXLR.js:439:13)
    at MemoryRouter (C:\Users\ivyho\OneDrive\Desktop\happycows_cs156\proj-happy
cows\frontend\node_modules\react-router\dist\development\chunk-CSDGKXLR.js:361:
3)
    at QueryClientProvider (C:\Users\ivyho\OneDrive\Desktop\happycows_cs156\pro
j-happycows\frontend\node_modules\react-query\lib\react\QueryClientProvider.js:
45:21)
Warning: An update to BasicLayout inside a test was not wrapped in act(...).

When testing, code that causes React state updates should be wrapped into 
act(...):

act(() => {
  /* fire events that update state */
});
/* assert on the output */

This ensures that you're testing the behavior the user would see in the 
browser. Learn more at https://reactjs.org/link/wrap-tests-with-act
    at BasicLayout (C:\Users\ivyho\OneDrive\Desktop\happycows_cs156\proj-happyc
ows\frontend\src\main\layouts\BasicLayout\BasicLayout.jsx:14:24)
    at AdminDashboardPage (C:\Users\ivyho\OneDrive\Desktop\happycows_cs156\proj
-happycows\frontend\src\main\pages\AdminDashboardPage.jsx:13:55)
    at RenderedRoute (C:\Users\ivyho\OneDrive\Desktop\happycows_cs156\proj-happ
ycows\frontend\node_modules\react-router\dist\development\chunk-ZO66TDGB.js:642
6:26)
    at Routes (C:\Users\ivyho\OneDrive\Desktop\happycows_cs156\proj-happycows\f
rontend\node_modules\react-router\dist\development\chunk-CSDGKXLR.js:496:3)
    at Router (C:\Users\ivyho\OneDrive\Desktop\happycows_cs156\proj-happycows\f
rontend\node_modules\react-router\dist\development\chunk-CSDGKXLR.js:439:13)
    at MemoryRouter (C:\Users\ivyho\OneDrive\Desktop\happycows_cs156\proj-happy
cows\frontend\node_modules\react-router\dist\development\chunk-CSDGKXLR.js:361:
3)
    at QueryClientProvider (C:\Users\ivyho\OneDrive\Desktop\happycows_cs156\pro
j-happycows\frontend\node_modules\react-query\lib\react\QueryClientProvider.js:
45:21)

(node:54928) TimeoutNaNWarning: NaN is not a number.
Timeout duration was set to 1.
(Use `node --trace-warnings ...` to show where the warning was created)
[90mstderr[2m | src/tests/pages/AdminListCommonsPage.test.jsx[2m > 
[22m[2mAdminListCommonPage tests[2m > [22m[2mwhat happens when you click 
delete, admin
[22m[39mTypeError: __vite_ssr_import_2__.toast.error is not a function
    at Object.queryFn [90m(C:\Users\ivyho\OneDrive\Desktop\happycows_cs156\pro
j-happycows\frontend\[39msrc\main\utils\useBackend.js:41:17[90m)[39m

[90mstderr[2m | src/tests/pages/AdminDashboardPage.test.jsx[2m > 
[22m[2mAdminDashboardPage[2m > [22m[2mrenders safely when id is missing
[22m[39mError getting roles:  TypeError: Cannot read properties of undefined 
(reading 'map')
    at Object.initialData.loggedIn [as queryFn] [90m(C:\Users\ivyho\OneDrive\D
esktop\happycows_cs156\proj-happycows\frontend\[39msrc\main\utils\currentUser.
js:13:43[90m)[39m
[90m    at processTicksAndRejections 
(node:internal/process/task_queues:103:5)[39m

[90mstderr[2m | src/tests/pages/AdminDashboardPage.test.jsx[2m > 
[22m[2mAdminDashboardPage[2m > [22m[2mrenders safely when id is missing
[22m[39mWarning: An update to BasicLayout inside a test was not wrapped in 
act(...).

When testing, code that causes React state updates should be wrapped into 
act(...):

act(() => {
  /* fire events that update state */
});
/* assert on the output */

This ensures that you're testing the behavior the user would see in the 
browser. Learn more at https://reactjs.org/link/wrap-tests-with-act
    at BasicLayout (C:\Users\ivyho\OneDrive\Desktop\happycows_cs156\proj-happyc
ows\frontend\src\main\layouts\BasicLayout\BasicLayout.jsx:14:24)
    at AdminDashboardPage (C:\Users\ivyho\OneDrive\Desktop\happycows_cs156\proj
-happycows\frontend\src\main\pages\AdminDashboardPage.jsx:13:55)
    at RenderedRoute (C:\Users\ivyho\OneDrive\Desktop\happycows_cs156\proj-happ
ycows\frontend\node_modules\react-router\dist\development\chunk-ZO66TDGB.js:642
6:26)
    at Routes (C:\Users\ivyho\OneDrive\Desktop\happycows_cs156\proj-happycows\f
rontend\node_modules\react-router\dist\development\chunk-CSDGKXLR.js:496:3)
    at Router (C:\Users\ivyho\OneDrive\Desktop\happycows_cs156\proj-happycows\f
rontend\node_modules\react-router\dist\development\chunk-CSDGKXLR.js:439:13)
    at MemoryRouter (C:\Users\ivyho\OneDrive\Desktop\happycows_cs156\proj-happy
cows\frontend\node_modules\react-router\dist\development\chunk-CSDGKXLR.js:361:
3)
    at QueryClientProvider (C:\Users\ivyho\OneDrive\Desktop\happycows_cs156\pro
j-happycows\frontend\node_modules\react-query\lib\react\QueryClientProvider.js:
45:21)
Warning: An update to BasicLayout inside a test was not wrapped in act(...).

When testing, code that causes React state updates should be wrapped into 
act(...):

act(() => {
  /* fire events that update state */
});
/* assert on the output */

This ensures that you're testing the behavior the user would see in the 
browser. Learn more at https://reactjs.org/link/wrap-tests-with-act
    at BasicLayout (C:\Users\ivyho\OneDrive\Desktop\happycows_cs156\proj-happyc
ows\frontend\src\main\layouts\BasicLayout\BasicLayout.jsx:14:24)
    at AdminDashboardPage (C:\Users\ivyho\OneDrive\Desktop\happycows_cs156\proj
-happycows\frontend\src\main\pages\AdminDashboardPage.jsx:13:55)
    at RenderedRoute (C:\Users\ivyho\OneDrive\Desktop\happycows_cs156\proj-happ
ycows\frontend\node_modules\react-router\dist\development\chunk-ZO66TDGB.js:642
6:26)
    at Routes (C:\Users\ivyho\OneDrive\Desktop\happycows_cs156\proj-happycows\f
rontend\node_modules\react-router\dist\development\chunk-CSDGKXLR.js:496:3)
    at Router (C:\Users\ivyho\OneDrive\Desktop\happycows_cs156\proj-happycows\f
rontend\node_modules\react-router\dist\development\chunk-CSDGKXLR.js:439:13)
    at MemoryRouter (C:\Users\ivyho\OneDrive\Desktop\happycows_cs156\proj-happy
cows\frontend\node_modules\react-router\dist\development\chunk-CSDGKXLR.js:361:
3)
    at QueryClientProvider (C:\Users\ivyho\OneDrive\Desktop\happycows_cs156\pro
j-happycows\frontend\node_modules\react-query\lib\react\QueryClientProvider.js:
45:21)

[90mstderr[2m | src/tests/pages/AdminDashboardPage.test.jsx[2m > 
[22m[2mAdminDashboardPage[2m > [22m[2mrenders different ids correctly 
(prevents hardcoding)
[22m[39mError getting roles:  TypeError: Cannot read properties of undefined 
(reading 'map')
    at Object.initialData.loggedIn [as queryFn] [90m(C:\Users\ivyho\OneDrive\D
esktop\happycows_cs156\proj-happycows\frontend\[39msrc\main\utils\currentUser.
js:13:43[90m)[39m
[90m    at processTicksAndRejections 
(node:internal/process/task_queues:103:5)[39m

[90mstderr[2m | src/tests/pages/AdminDashboardPage.test.jsx[2m > 
[22m[2mAdminDashboardPage[2m > [22m[2mrenders different ids correctly 
(prevents hardcoding)
[22m[39mWarning: An update to BasicLayout inside a test was not wrapped in 
act(...).

When testing, code that causes React state updates should be wrapped into 
act(...):

act(() => {
  /* fire events that update state */
});
/* assert on the output */

This ensures that you're testing the behavior the user would see in the 
browser. Learn more at https://reactjs.org/link/wrap-tests-with-act
    at BasicLayout (C:\Users\ivyho\OneDrive\Desktop\happycows_cs156\proj-happyc
ows\frontend\src\main\layouts\BasicLayout\BasicLayout.jsx:14:24)
    at AdminDashboardPage (C:\Users\ivyho\OneDrive\Desktop\happycows_cs156\proj
-happycows\frontend\src\main\pages\AdminDashboardPage.jsx:13:55)
    at RenderedRoute (C:\Users\ivyho\OneDrive\Desktop\happycows_cs156\proj-happ
ycows\frontend\node_modules\react-router\dist\development\chunk-ZO66TDGB.js:642
6:26)
    at Routes (C:\Users\ivyho\OneDrive\Desktop\happycows_cs156\proj-happycows\f
rontend\node_modules\react-router\dist\development\chunk-CSDGKXLR.js:496:3)
    at Router (C:\Users\ivyho\OneDrive\Desktop\happycows_cs156\proj-happycows\f
rontend\node_modules\react-router\dist\development\chunk-CSDGKXLR.js:439:13)
    at MemoryRouter (C:\Users\ivyho\OneDrive\Desktop\happycows_cs156\proj-happy
cows\frontend\node_modules\react-router\dist\development\chunk-CSDGKXLR.js:361:
3)
    at QueryClientProvider (C:\Users\ivyho\OneDrive\Desktop\happycows_cs156\pro
j-happycows\frontend\node_modules\react-query\lib\react\QueryClientProvider.js:
45:21)
Warning: An update to BasicLayout inside a test was not wrapped in act(...).

When testing, code that causes React state updates should be wrapped into 
act(...):

act(() => {
  /* fire events that update state */
});
/* assert on the output */

This ensures that you're testing the behavior the user would see in the 
browser. Learn more at https://reactjs.org/link/wrap-tests-with-act
    at BasicLayout (C:\Users\ivyho\OneDrive\Desktop\happycows_cs156\proj-happyc
ows\frontend\src\main\layouts\BasicLayout\BasicLayout.jsx:14:24)
    at AdminDashboardPage (C:\Users\ivyho\OneDrive\Desktop\happycows_cs156\proj
-happycows\frontend\src\main\pages\AdminDashboardPage.jsx:13:55)
    at RenderedRoute (C:\Users\ivyho\OneDrive\Desktop\happycows_cs156\proj-happ
ycows\frontend\node_modules\react-router\dist\development\chunk-ZO66TDGB.js:642
6:26)
    at Routes (C:\Users\ivyho\OneDrive\Desktop\happycows_cs156\proj-happycows\f
rontend\node_modules\react-router\dist\development\chunk-CSDGKXLR.js:496:3)
    at Router (C:\Users\ivyho\OneDrive\Desktop\happycows_cs156\proj-happycows\f
rontend\node_modules\react-router\dist\development\chunk-CSDGKXLR.js:439:13)
    at MemoryRouter (C:\Users\ivyho\OneDrive\Desktop\happycows_cs156\proj-happy
cows\frontend\node_modules\react-router\dist\development\chunk-CSDGKXLR.js:361:
3)
    at QueryClientProvider (C:\Users\ivyho\OneDrive\Desktop\happycows_cs156\pro
j-happycows\frontend\node_modules\react-query\lib\react\QueryClientProvider.js:
45:21)

[90mstderr[2m | src/tests/components/Commons/CommonsForm.test.jsx[2m > 
[22m[2mCommonsForm tests[2m > [22m[2mhas validation errors for required 
fields
[22m[39mAxiosError: Request failed with status code 404
    at AxiosError.from [90m(C:\Users\ivyho\OneDrive\Desktop\happycows_cs156\pr
oj-happycows\frontend\[39mnode_modules\[4maxios[24m\lib\core\AxiosError.js:9
2:14[90m)[39m
    at createAxiosError [90m(C:\Users\ivyho\OneDrive\Desktop\happycows_cs156\p
roj-happycows\frontend\[39mnode_modules\[4maxios-mock-adapter[24m\src\utils.
js:161:29[90m)[39m
    at Object.settle [90m(C:\Users\ivyho\OneDrive\Desktop\happycows_cs156\proj
-happycows\frontend\[39mnode_modules\[4maxios-mock-adapter[24m\src\utils.js:
150:11[90m)[39m
[90m    at processTicksAndRejections 
(node:internal/process/task_queues:103:5)[39m
    at Axios.request [90m(file:///C:/Users/ivyho/OneDrive/Desktop/happycows_cs
156/proj-happycows/frontend/[39mnode_modules/[4maxios[24m/lib/core/Axios.js:
45:41[90m)[39m
[90m    at processTicksAndRejections 
(node:internal/process/task_queues:103:5)[39m
    at Object.queryFn [90m(C:\Users\ivyho\OneDrive\Desktop\happycows_cs156\pro
j-happycows\frontend\[39msrc\main\utils\useBackend.js:33:26[90m)[39m {
  config: {
    transitional: {
      silentJSONParsing: [33mtrue[39m,
      forcedJSONParsing: [33mtrue[39m,
      clarifyTimeoutError: [33mfalse[39m
    },
    transformRequest: [ [36m[Function: transformRequest][39m ],
    transformResponse: [ [36m[Function: transformResponse][39m ],
    timeout: [33m0[39m,
    xsrfCookieName: [32m'XSRF-TOKEN'[39m,
    xsrfHeaderName: [32m'X-XSRF-TOKEN'[39m,
    maxContentLength: [33m-1[39m,
    maxBodyLength: [33m-1[39m,
    env: { FormData: [36m[Function [FormData]][39m, Blob: [36m[class 
Blob][39m },
    validateStatus: [36m[Function: validateStatus][39m,
    headers: Object [AxiosHeaders] {
      Accept: [32m'application/json, text/plain, */*'[39m,
      [32m'Content-Type'[39m: [90mundefined[39m
    },
    method: [32m'get'[39m,
    url: [32m'/api/commons/defaults'[39m,
    allowAbsoluteUrls: [33mtrue[39m,
    data: [90mundefined[39m
  },
  response: {
    status: [33m404[39m,
    data: [90mundefined[39m,
    headers: Object [AxiosHeaders] {},
    config: {
      transitional: [36m[Object][39m,
      transformRequest: [36m[Array][39m,
      transformResponse: [36m[Array][39m,
      timeout: [33m0[39m,
      xsrfCookieName: [32m'XSRF-TOKEN'[39m,
      xsrfHeaderName: [32m'X-XSRF-TOKEN'[39m,
      maxContentLength: [33m-1[39m,
      maxBodyLength: [33m-1[39m,
      env: [36m[Object][39m,
      validateStatus: [36m[Function: validateStatus][39m,
      headers: [36m[Object [AxiosHeaders]][39m,
      method: [32m'get'[39m,
      url: [32m'/api/commons/defaults'[39m,
      allowAbsoluteUrls: [33mtrue[39m,
      data: [90mundefined[39m
    },
    request: { responseURL: [32m'/api/commons/defaults'[39m }
  },
  status: [33m404[39m,
  cause: Error: Request failed with status code 404
      at createAxiosError [90m(C:\Users\ivyho\OneDrive\Desktop\happycows_cs156
\proj-happycows\frontend\[39mnode_modules\[4maxios-mock-adapter[24m\src\util
s.js:161:34[90m)[39m
      at Object.settle [90m(C:\Users\ivyho\OneDrive\Desktop\happycows_cs156\pr
oj-happycows\frontend\[39mnode_modules\[4maxios-mock-adapter[24m\src\utils.j
s:150:11[90m)[39m
  [90m    at processTicksAndRejections 
(node:internal/process/task_queues:103:5)[39m
}

[90mstdout[2m | src/tests/pages/AdminListCommonsPage.test.jsx[2m > [22m[2mAdminListCommonPage tests[2m > [22m[2mwhat happens when you click delete, admin
[22m[39mCommons with id 1 was deleted

 [32mΓ£ô[39m src/tests/pages/AdminDashboardPage.test.jsx [2m([22m[2m3 tests[22m[2m)[22m[33m 3121[2mms[22m[39m
   [33m[2mΓ£ô[22m[39m AdminDashboardPage[2m > [22mrenders full dashboard content for a valid id [33m 2283[2mms[22m[39m
   [33m[2mΓ£ô[22m[39m AdminDashboardPage[2m > [22mrenders safely when id is missing [33m 543[2mms[22m[39m
[90mstderr[2m | src/tests/pages/HomePage.test.jsx[2m > [22m[2mHomePage 
tests[2m > [22m[2mrenders with default for commons when api times out
[22m[39mAxiosError: timeout of 0ms exceeded
    at AxiosError.from [90m(C:\Users\ivyho\OneDrive\Desktop\happycows_cs156\pr
oj-happycows\frontend\[39mnode_modules\[4maxios[24m\lib\core\AxiosError.js:9
2:14[90m)[39m
    at Object.createAxiosError [90m(C:\Users\ivyho\OneDrive\Desktop\happycows_
cs156\proj-happycows\frontend\[39mnode_modules\[4maxios-mock-adapter[24m\src
\utils.js:161:29[90m)[39m
    at [90mC:\Users\ivyho\OneDrive\Desktop\happycows_cs156\proj-happycows\fron
tend\[39mnode_modules\[4maxios-mock-adapter[24m\src\index.js:214:23
[90m    ... 6 lines matching cause stack trace ...[39m
    at Axios.request [90m(file:///C:/Users/ivyho/OneDrive/Desktop/happycows_cs
156/proj-happycows/frontend/[39mnode_modules/[4maxios[24m/lib/core/Axios.js:
40:25[90m)[39m
    at Axios.request [90m(file:///C:/Users/ivyho/OneDrive/Desktop/happycows_cs
156/proj-happycows/frontend/[39mnode_modules/[4maxios[24m/lib/core/Axios.js:
45:41[90m)[39m
    at Object.queryFn [90m(C:\Users\ivyho\OneDrive\Desktop\happycows_cs156\pro
j-happycows\frontend\[39msrc\main\utils\useBackend.js:33:26[90m)[39m {
  code: [32m'ECONNABORTED'[39m,
  config: {
    transitional: {
      silentJSONParsing: [33mtrue[39m,
      forcedJSONParsing: [33mtrue[39m,
      clarifyTimeoutError: [33mfalse[39m
    },
    transformRequest: [ [36m[Function: transformRequest][39m ],
    transformResponse: [ [36m[Function: transformResponse][39m ],
    timeout: [33m0[39m,
    xsrfCookieName: [32m'XSRF-TOKEN'[39m,
    xsrfHeaderName: [32m'X-XSRF-TOKEN'[39m,
    maxContentLength: [33m-1[39m,
    maxBodyLength: [33m-1[39m,
    env: { FormData: [36m[Function [FormData]][39m, Blob: [36m[class 
Blob][39m },
    validateStatus: [36m[Function: validateStatus][39m,
    headers: Object [AxiosHeaders] {
      Accept: [32m'application/json, text/plain, */*'[39m,
      [32m'Content-Type'[39m: [90mundefined[39m
    },
    url: [32m'/api/commons/all'[39m,
    allowAbsoluteUrls: [33mtrue[39m,
    method: [32m'get'[39m,
    data: [90mundefined[39m
  },
  cause: Error: timeout of 0ms exceeded
      at Object.createAxiosError [90m(C:\Users\ivyho\OneDrive\Desktop\happycow
s_cs156\proj-happycows\frontend\[39mnode_modules\[4maxios-mock-adapter[24m\s
rc\utils.js:161:34[90m)[39m
      at [90mC:\Users\ivyho\OneDrive\Desktop\happycows_cs156\proj-happycows\fr
ontend\[39mnode_modules\[4maxios-mock-adapter[24m\src\index.js:214:23
      at makeResponse [90m(C:\Users\ivyho\OneDrive\Desktop\happycows_cs156\pro
j-happycows\frontend\[39mnode_modules\[4maxios-mock-adapter[24m\src\utils.js
:123:52[90m)[39m
      at Object.settle [90m(C:\Users\ivyho\OneDrive\Desktop\happycows_cs156\pr
oj-happycows\frontend\[39mnode_modules\[4maxios-mock-adapter[24m\src\utils.j
s:142:24[90m)[39m
      at handleRequest [90m(C:\Users\ivyho\OneDrive\Desktop\happycows_cs156\pr
oj-happycows\frontend\[39mnode_modules\[4maxios-mock-adapter[24m\src\handle_
request.js:61:20[90m)[39m
      at [90mC:\Users\ivyho\OneDrive\Desktop\happycows_cs156\proj-happycows\fr
ontend\[39mnode_modules\[4maxios-mock-adapter[24m\src\index.js:54:24
      at Axios.dispatchRequest [90m(file:///C:/Users/ivyho/OneDrive/Desktop/ha
ppycows_cs156/proj-happycows/frontend/[39mnode_modules/[4maxios[24m/lib/core
/dispatchRequest.js:51:10[90m)[39m
      at Axios._request [90m(file:///C:/Users/ivyho/OneDrive/Desktop/happycows
_cs156/proj-happycows/frontend/[39mnode_modules/[4maxios[24m/lib/core/Axios.
js:187:33[90m)[39m
      at Axios.request [90m(file:///C:/Users/ivyho/OneDrive/Desktop/happycows_
cs156/proj-happycows/frontend/[39mnode_modules/[4maxios[24m/lib/core/Axios.j
s:40:25[90m)[39m
      at wrap [90m(file:///C:/Users/ivyho/OneDrive/Desktop/happycows_cs156/pro
j-happycows/frontend/[39mnode_modules/[4maxios[24m/lib/helpers/bind.js:5:15
[90m)[39m
}

[90mstderr[2m | src/tests/pages/HomePage.test.jsx[2m > [22m[2mHomePage 
tests[2m > [22m[2mexpected CSS properties
[22m[39mWarning: An update to HomePage inside a test was not wrapped in 
act(...).

When testing, code that causes React state updates should be wrapped into 
act(...):

act(() => {
  /* fire events that update state */
});
/* assert on the output */

This ensures that you're testing the behavior the user would see in the 
browser. Learn more at https://reactjs.org/link/wrap-tests-with-act
    at HomePage (C:\Users\ivyho\OneDrive\Desktop\happycows_cs156\proj-happycows
\frontend\src\main\pages\HomePage.jsx:24:21)
    at Router (C:\Users\ivyho\OneDrive\Desktop\happycows_cs156\proj-happycows\f
rontend\node_modules\react-router\dist\development\chunk-CSDGKXLR.js:439:13)
    at MemoryRouter (C:\Users\ivyho\OneDrive\Desktop\happycows_cs156\proj-happy
cows\frontend\node_modules\react-router\dist\development\chunk-CSDGKXLR.js:361:
3)
    at QueryClientProvider (C:\Users\ivyho\OneDrive\Desktop\happycows_cs156\pro
j-happycows\frontend\node_modules\react-query\lib\react\QueryClientProvider.js:
45:21)

(node:24956) TimeoutNaNWarning: NaN is not a number.
Timeout duration was set to 1.
(Use `node --trace-warnings ...` to show where the warning was created)
 [32mΓ£ô[39m src/tests/pages/AdminListCommonsPage.test.jsx [2m([22m[2m8 tests[22m[2m)[22m[33m 5167[2mms[22m[39m
   [33m[2mΓ£ô[22m[39m AdminListCommonPage tests[2m > [22mrenders without crashing for regular user [33m 358[2mms[22m[39m
   [33m[2mΓ£ô[22m[39m AdminListCommonPage tests[2m > [22mrenders three commons without crashing for admin user [33m 601[2mms[22m[39m
   [33m[2mΓ£ô[22m[39m AdminListCommonPage tests[2m > [22mrenders empty table when backend unavailable, user only [33m 660[2mms[22m[39m
   [33m[2mΓ£ô[22m[39m AdminListCommonPage tests[2m > [22mwhat happens when you click delete, admin [33m 2404[2mms[22m[39m
   [33m[2mΓ£ô[22m[39m AdminListCommonPage tests[2m > [22mwhat happens when you click edit as an admin [33m 359[2mms[22m[39m
   [33m[2mΓ£ô[22m[39m AdminListCommonPage tests[2m > [22mwhat happens when you click leaderboard as an admin [33m 502[2mms[22m[39m
 [32mΓ£ô[39m src/tests/pages/AdminEditCommonsPage.test.jsx [2m([22m[2m3 tests[22m[2m)[22m[33m 3807[2mms[22m[39m
   [33m[2mΓ£ô[22m[39m AdminEditCommonsPage tests[2m > [22mtests where backend is working normally[2m > [22mrenders without crashing [33m 439[2mms[22m[39m
   [33m[2mΓ£ô[22m[39m AdminEditCommonsPage tests[2m > [22mtests where backend is working normally[2m > [22mIs populated with the data provided [33m 1977[2mms[22m[39m
   [33m[2mΓ£ô[22m[39m AdminEditCommonsPage tests[2m > [22mtests where backend is working normally[2m > [22mChanges when you click Update [33m 1385[2mms[22m[39m
(node:35556) TimeoutNaNWarning: NaN is not a number.
Timeout duration was set to 1.
(Use `node --trace-warnings ...` to show where the warning was created)
[90mstderr[2m | src/tests/components/Chat/ChatDisplay.test.jsx[2m > 
[22m[2mChatDisplay tests[2m > [22m[2mhistory link points to the commons 
specific route
[22m[39mAxiosError: Request failed with status code 404
    at AxiosError.from [90m(C:\Users\ivyho\OneDrive\Desktop\happycows_cs156\pr
oj-happycows\frontend\[39mnode_modules\[4maxios[24m\lib\core\AxiosError.js:9
2:14[90m)[39m
    at createAxiosError [90m(C:\Users\ivyho\OneDrive\Desktop\happycows_cs156\p
roj-happycows\frontend\[39mnode_modules\[4maxios-mock-adapter[24m\src\utils.
js:161:29[90m)[39m
    at Object.settle [90m(C:\Users\ivyho\OneDrive\Desktop\happycows_cs156\proj
-happycows\frontend\[39mnode_modules\[4maxios-mock-adapter[24m\src\utils.js:
150:11[90m)[39m
[90m    at processTicksAndRejections 
(node:internal/process/task_queues:103:5)[39m
    at Axios.request [90m(file:///C:/Users/ivyho/OneDrive/Desktop/happycows_cs
156/proj-happycows/frontend/[39mnode_modules/[4maxios[24m/lib/core/Axios.js:
45:41[90m)[39m
[90m    at processTicksAndRejections 
(node:internal/process/task_queues:103:5)[39m
    at Object.queryFn [90m(C:\Users\ivyho\OneDrive\Desktop\happycows_cs156\pro
j-happycows\frontend\[39msrc\main\utils\useBackend.js:33:26[90m)[39m {
  config: {
    transitional: {
      silentJSONParsing: [33mtrue[39m,
      forcedJSONParsing: [33mtrue[39m,
      clarifyTimeoutError: [33mfalse[39m
    },
    transformRequest: [ [36m[Function: transformRequest][39m ],
    transformResponse: [ [36m[Function: transformResponse][39m ],
    timeout: [33m0[39m,
    xsrfCookieName: [32m'XSRF-TOKEN'[39m,
    xsrfHeaderName: [32m'X-XSRF-TOKEN'[39m,
    maxContentLength: [33m-1[39m,
    maxBodyLength: [33m-1[39m,
    env: { FormData: [36m[Function [FormData]][39m, Blob: [36m[class 
Blob][39m },
    validateStatus: [36m[Function: validateStatus][39m,
    headers: Object [AxiosHeaders] {
      Accept: [32m'application/json, text/plain, */*'[39m,
      [32m'Content-Type'[39m: [90mundefined[39m
    },
    method: [32m'get'[39m,
    url: [32m'/api/chat/get'[39m,
    params: { commonsId: [33m1[39m, page: [33m0[39m, size: [33m10[39m },
    allowAbsoluteUrls: [33mtrue[39m,
    data: [90mundefined[39m
  },
  response: {
    status: [33m404[39m,
    data: [90mundefined[39m,
    headers: Object [AxiosHeaders] {},
    config: {
      transitional: [36m[Object][39m,
      transformRequest: [36m[Array][39m,
      transformResponse: [36m[Array][39m,
      timeout: [33m0[39m,
      xsrfCookieName: [32m'XSRF-TOKEN'[39m,
      xsrfHeaderName: [32m'X-XSRF-TOKEN'[39m,
      maxContentLength: [33m-1[39m,
      maxBodyLength: [33m-1[39m,
      env: [36m[Object][39m,
      validateStatus: [36m[Function: validateStatus][39m,
      headers: [36m[Object [AxiosHeaders]][39m,
      method: [32m'get'[39m,
      url: [32m'/api/chat/get'[39m,
      params: [36m[Object][39m,
      allowAbsoluteUrls: [33mtrue[39m,
      data: [90mundefined[39m
    },
    request: { responseURL: [32m'/api/chat/get'[39m }
  },
  status: [33m404[39m,
  cause: Error: Request failed with status code 404
      at createAxiosError [90m(C:\Users\ivyho\OneDrive\Desktop\happycows_cs156
\proj-happycows\frontend\[39mnode_modules\[4maxios-mock-adapter[24m\src\util
s.js:161:34[90m)[39m
      at Object.settle [90m(C:\Users\ivyho\OneDrive\Desktop\happycows_cs156\pr
oj-happycows\frontend\[39mnode_modules\[4maxios-mock-adapter[24m\src\utils.j
s:150:11[90m)[39m
  [90m    at processTicksAndRejections 
(node:internal/process/task_queues:103:5)[39m
}

[90mstderr[2m | src/tests/components/Chat/ChatDisplay.test.jsx[2m > 
[22m[2mChatDisplay tests[2m > [22m[2mhistory link points to the commons 
specific route
[22m[39mAxiosError: Request failed with status code 404
    at AxiosError.from [90m(C:\Users\ivyho\OneDrive\Desktop\happycows_cs156\pr
oj-happycows\frontend\[39mnode_modules\[4maxios[24m\lib\core\AxiosError.js:9
2:14[90m)[39m
    at createAxiosError [90m(C:\Users\ivyho\OneDrive\Desktop\happycows_cs156\p
roj-happycows\frontend\[39mnode_modules\[4maxios-mock-adapter[24m\src\utils.
js:161:29[90m)[39m
    at Object.settle [90m(C:\Users\ivyho\OneDrive\Desktop\happycows_cs156\proj
-happycows\frontend\[39mnode_modules\[4maxios-mock-adapter[24m\src\utils.js:
150:11[90m)[39m
[90m    at processTicksAndRejections 
(node:internal/process/task_queues:103:5)[39m
    at Axios.request [90m(file:///C:/Users/ivyho/OneDrive/Desktop/happycows_cs
156/proj-happycows/frontend/[39mnode_modules/[4maxios[24m/lib/core/Axios.js:
45:41[90m)[39m
[90m    at processTicksAndRejections 
(node:internal/process/task_queues:103:5)[39m
    at Object.queryFn [90m(C:\Users\ivyho\OneDrive\Desktop\happycows_cs156\pro
j-happycows\frontend\[39msrc\main\utils\useBackend.js:33:26[90m)[39m {
  config: {
    transitional: {
      silentJSONParsing: [33mtrue[39m,
      forcedJSONParsing: [33mtrue[39m,
      clarifyTimeoutError: [33mfalse[39m
    },
    transformRequest: [ [36m[Function: transformRequest][39m ],
    transformResponse: [ [36m[Function: transformResponse][39m ],
    timeout: [33m0[39m,
    xsrfCookieName: [32m'XSRF-TOKEN'[39m,
    xsrfHeaderName: [32m'X-XSRF-TOKEN'[39m,
    maxContentLength: [33m-1[39m,
    maxBodyLength: [33m-1[39m,
    env: { FormData: [36m[Function [FormData]][39m, Blob: [36m[class 
Blob][39m },
    validateStatus: [36m[Function: validateStatus][39m,
    headers: Object [AxiosHeaders] {
      Accept: [32m'application/json, text/plain, */*'[39m,
      [32m'Content-Type'[39m: [90mundefined[39m
    },
    method: [32m'get'[39m,
    url: [32m'/api/usercommons/commons/all'[39m,
    params: { commonsId: [33m1[39m },
    allowAbsoluteUrls: [33mtrue[39m,
    data: [90mundefined[39m
  },
  response: {
    status: [33m404[39m,
    data: [90mundefined[39m,
    headers: Object [AxiosHeaders] {},
    config: {
      transitional: [36m[Object][39m,
      transformRequest: [36m[Array][39m,
      transformResponse: [36m[Array][39m,
      timeout: [33m0[39m,
      xsrfCookieName: [32m'XSRF-TOKEN'[39m,
      xsrfHeaderName: [32m'X-XSRF-TOKEN'[39m,
      maxContentLength: [33m-1[39m,
      maxBodyLength: [33m-1[39m,
      env: [36m[Object][39m,
      validateStatus: [36m[Function: validateStatus][39m,
      headers: [36m[Object [AxiosHeaders]][39m,
      method: [32m'get'[39m,
      url: [32m'/api/usercommons/commons/all'[39m,
      params: [36m[Object][39m,
      allowAbsoluteUrls: [33mtrue[39m,
      data: [90mundefined[39m
    },
    request: { responseURL: [32m'/api/usercommons/commons/all'[39m }
  },
  status: [33m404[39m,
  cause: Error: Request failed with status code 404
      at createAxiosError [90m(C:\Users\ivyho\OneDrive\Desktop\happycows_cs156
\proj-happycows\frontend\[39mnode_modules\[4maxios-mock-adapter[24m\src\util
s.js:161:34[90m)[39m
      at Object.settle [90m(C:\Users\ivyho\OneDrive\Desktop\happycows_cs156\pr
oj-happycows\frontend\[39mnode_modules\[4maxios-mock-adapter[24m\src\utils.j
s:150:11[90m)[39m
  [90m    at processTicksAndRejections 
(node:internal/process/task_queues:103:5)[39m
}

[90mstdout[2m | src/tests/components/Commons/AdminCommonsCard.test.jsx[2m > [22m[2mAdminCommonsCard tests[2m > [22m[2mmodal delete button confirms deletion
[22m[39mCommons with id 1 was deleted

[90mstderr[2m | src/tests/components/Chat/ChatDisplay.test.jsx[2m > 
[22m[2mChatDisplay tests[2m > [22m[2mhistory link points to the commons 
specific route
[22m[39mAxiosError: Request failed with status code 404
    at AxiosError.from [90m(C:\Users\ivyho\OneDrive\Desktop\happycows_cs156\pr
oj-happycows\frontend\[39mnode_modules\[4maxios[24m\lib\core\AxiosError.js:9
2:14[90m)[39m
    at createAxiosError [90m(C:\Users\ivyho\OneDrive\Desktop\happycows_cs156\p
roj-happycows\frontend\[39mnode_modules\[4maxios-mock-adapter[24m\src\utils.
js:161:29[90m)[39m
    at Object.settle [90m(C:\Users\ivyho\OneDrive\Desktop\happycows_cs156\proj
-happycows\frontend\[39mnode_modules\[4maxios-mock-adapter[24m\src\utils.js:
150:11[90m)[39m
    at Axios.request [90m(file:///C:/Users/ivyho/OneDrive/Desktop/happycows_cs
156/proj-happycows/frontend/[39mnode_modules/[4maxios[24m/lib/core/Axios.js:
45:41[90m)[39m
    at Object.queryFn [90m(C:\Users\ivyho\OneDrive\Desktop\happycows_cs156\pro
j-happycows\frontend\[39msrc\main\utils\useBackend.js:33:26[90m)[39m {
  config: {
    transitional: {
      silentJSONParsing: [33mtrue[39m,
      forcedJSONParsing: [33mtrue[39m,
      clarifyTimeoutError: [33mfalse[39m
    },
    transformRequest: [ [36m[Function: transformRequest][39m ],
    transformResponse: [ [36m[Function: transformResponse][39m ],
    timeout: [33m0[39m,
    xsrfCookieName: [32m'XSRF-TOKEN'[39m,
    xsrfHeaderName: [32m'X-XSRF-TOKEN'[39m,
    maxContentLength: [33m-1[39m,
    maxBodyLength: [33m-1[39m,
    env: { FormData: [36m[Function [FormData]][39m, Blob: [36m[class 
Blob][39m },
    validateStatus: [36m[Function: validateStatus][39m,
    headers: Object [AxiosHeaders] {
      Accept: [32m'application/json, text/plain, */*'[39m,
      [32m'Content-Type'[39m: [90mundefined[39m
    },
    method: [32m'get'[39m,
    url: [32m'/api/chat/get'[39m,
    params: { commonsId: [33m1[39m, page: [33m0[39m, size: [33m10[39m },
    allowAbsoluteUrls: [33mtrue[39m,
    data: [90mundefined[39m
  },
  response: {
    status: [33m404[39m,
    data: [90mundefined[39m,
    headers: Object [AxiosHeaders] {},
    config: {
      transitional: [36m[Object][39m,
      transformRequest: [36m[Array][39m,
      transformResponse: [36m[Array][39m,
      timeout: [33m0[39m,
      xsrfCookieName: [32m'XSRF-TOKEN'[39m,
      xsrfHeaderName: [32m'X-XSRF-TOKEN'[39m,
      maxContentLength: [33m-1[39m,
      maxBodyLength: [33m-1[39m,
      env: [36m[Object][39m,
      validateStatus: [36m[Function: validateStatus][39m,
      headers: [36m[Object [AxiosHeaders]][39m,
      method: [32m'get'[39m,
      url: [32m'/api/chat/get'[39m,
      params: [36m[Object][39m,
      allowAbsoluteUrls: [33mtrue[39m,
      data: [90mundefined[39m
    },
    request: { responseURL: [32m'/api/chat/get'[39m }
  },
  status: [33m404[39m,
  cause: Error: Request failed with status code 404
      at createAxiosError [90m(C:\Users\ivyho\OneDrive\Desktop\happycows_cs156
\proj-happycows\frontend\[39mnode_modules\[4maxios-mock-adapter[24m\src\util
s.js:161:34[90m)[39m
      at Object.settle [90m(C:\Users\ivyho\OneDrive\Desktop\happycows_cs156\pr
oj-happycows\frontend\[39mnode_modules\[4maxios-mock-adapter[24m\src\utils.j
s:150:11[90m)[39m
}

[90mstderr[2m | src/tests/components/Chat/ChatDisplay.test.jsx[2m > 
[22m[2mChatDisplay tests[2m > [22m[2mhistory link points to the commons 
specific route
[22m[39mAxiosError: Request failed with status code 404
    at AxiosError.from [90m(C:\Users\ivyho\OneDrive\Desktop\happycows_cs156\pr
oj-happycows\frontend\[39mnode_modules\[4maxios[24m\lib\core\AxiosError.js:9
2:14[90m)[39m
    at createAxiosError [90m(C:\Users\ivyho\OneDrive\Desktop\happycows_cs156\p
roj-happycows\frontend\[39mnode_modules\[4maxios-mock-adapter[24m\src\utils.
js:161:29[90m)[39m
    at Object.settle [90m(C:\Users\ivyho\OneDrive\Desktop\happycows_cs156\proj
-happycows\frontend\[39mnode_modules\[4maxios-mock-adapter[24m\src\utils.js:
150:11[90m)[39m
    at Axios.request [90m(file:///C:/Users/ivyho/OneDrive/Desktop/happycows_cs
156/proj-happycows/frontend/[39mnode_modules/[4maxios[24m/lib/core/Axios.js:
45:41[90m)[39m
    at Object.queryFn [90m(C:\Users\ivyho\OneDrive\Desktop\happycows_cs156\pro
j-happycows\frontend\[39msrc\main\utils\useBackend.js:33:26[90m)[39m {
  config: {
    transitional: {
      silentJSONParsing: [33mtrue[39m,
      forcedJSONParsing: [33mtrue[39m,
      clarifyTimeoutError: [33mfalse[39m
    },
    transformRequest: [ [36m[Function: transformRequest][39m ],
    transformResponse: [ [36m[Function: transformResponse][39m ],
    timeout: [33m0[39m,
    xsrfCookieName: [32m'XSRF-TOKEN'[39m,
    xsrfHeaderName: [32m'X-XSRF-TOKEN'[39m,
    maxContentLength: [33m-1[39m,
    maxBodyLength: [33m-1[39m,
    env: { FormData: [36m[Function [FormData]][39m, Blob: [36m[class 
Blob][39m },
    validateStatus: [36m[Function: validateStatus][39m,
    headers: Object [AxiosHeaders] {
      Accept: [32m'application/json, text/plain, */*'[39m,
      [32m'Content-Type'[39m: [90mundefined[39m
    },
    method: [32m'get'[39m,
    url: [32m'/api/usercommons/commons/all'[39m,
    params: { commonsId: [33m1[39m },
    allowAbsoluteUrls: [33mtrue[39m,
    data: [90mundefined[39m
  },
  response: {
    status: [33m404[39m,
    data: [90mundefined[39m,
    headers: Object [AxiosHeaders] {},
    config: {
      transitional: [36m[Object][39m,
      transformRequest: [36m[Array][39m,
      transformResponse: [36m[Array][39m,
      timeout: [33m0[39m,
      xsrfCookieName: [32m'XSRF-TOKEN'[39m,
      xsrfHeaderName: [32m'X-XSRF-TOKEN'[39m,
      maxContentLength: [33m-1[39m,
      maxBodyLength: [33m-1[39m,
      env: [36m[Object][39m,
      validateStatus: [36m[Function: validateStatus][39m,
      headers: [36m[Object [AxiosHeaders]][39m,
      method: [32m'get'[39m,
      url: [32m'/api/usercommons/commons/all'[39m,
      params: [36m[Object][39m,
      allowAbsoluteUrls: [33mtrue[39m,
      data: [90mundefined[39m
    },
    request: { responseURL: [32m'/api/usercommons/commons/all'[39m }
  },
  status: [33m404[39m,
  cause: Error: Request failed with status code 404
      at createAxiosError [90m(C:\Users\ivyho\OneDrive\Desktop\happycows_cs156
\proj-happycows\frontend\[39mnode_modules\[4maxios-mock-adapter[24m\src\util
s.js:161:34[90m)[39m
      at Object.settle [90m(C:\Users\ivyho\OneDrive\Desktop\happycows_cs156\pr
oj-happycows\frontend\[39mnode_modules\[4maxios-mock-adapter[24m\src\utils.j
s:150:11[90m)[39m
}

 [32mΓ£ô[39m src/tests/pages/HomePage.test.jsx [2m([22m[2m8 tests[22m[2m)[22m[33m 2975[2mms[22m[39m
   [33m[2mΓ£ô[22m[39m HomePage tests[2m > [22mrenders without crashing when lists return empty list [33m 867[2mms[22m[39m
   [33m[2mΓ£ô[22m[39m HomePage tests[2m > [22mrenders with default for commons when api times out [33m 363[2mms[22m[39m
   [33m[2mΓ£ô[22m[39m HomePage tests[2m > [22mCheck hour null is working, and that the background image is set correctly [33m 344[2mms[22m[39m
   [33m[2mΓ£ô[22m[39m HomePage tests[2m > [22mHome page intro card has the correct styles applied [33m 683[2mms[22m[39m
[90mstderr[2m | src/tests/components/Commons/CommonsForm.test.jsx[2m > 
[22m[2mCommonsForm tests[2m > [22m[2mhas validation errors for values out 
of range
[22m[39mAxiosError: Request failed with status code 404
    at AxiosError.from [90m(C:\Users\ivyho\OneDrive\Desktop\happycows_cs156\pr
oj-happycows\frontend\[39mnode_modules\[4maxios[24m\lib\core\AxiosError.js:9
2:14[90m)[39m
    at createAxiosError [90m(C:\Users\ivyho\OneDrive\Desktop\happycows_cs156\p
roj-happycows\frontend\[39mnode_modules\[4maxios-mock-adapter[24m\src\utils.
js:161:29[90m)[39m
    at Object.settle [90m(C:\Users\ivyho\OneDrive\Desktop\happycows_cs156\proj
-happycows\frontend\[39mnode_modules\[4maxios-mock-adapter[24m\src\utils.js:
150:11[90m)[39m
[90m    ... 2 lines matching cause stack trace ...[39m
[90m    at processTimers (node:internal/timers:541:7)[39m
    at Axios.request [90m(file:///C:/Users/ivyho/OneDrive/Desktop/happycows_cs
156/proj-happycows/frontend/[39mnode_modules/[4maxios[24m/lib/core/Axios.js:
45:41[90m)[39m
[90m    at runNextTicks (node:internal/process/task_queues:64:5)[39m
[90m    at listOnTimeout (node:internal/timers:567:9)[39m
[90m    at processTimers (node:internal/timers:541:7)[39m
    at Object.queryFn [90m(C:\Users\ivyho\OneDrive\Desktop\happycows_cs156\pro
j-happycows\frontend\[39msrc\main\utils\useBackend.js:33:26[90m)[39m {
  config: {
    transitional: {
      silentJSONParsing: [33mtrue[39m,
      forcedJSONParsing: [33mtrue[39m,
      clarifyTimeoutError: [33mfalse[39m
    },
    transformRequest: [ [36m[Function: transformRequest][39m ],
    transformResponse: [ [36m[Function: transformResponse][39m ],
    timeout: [33m0[39m,
    xsrfCookieName: [32m'XSRF-TOKEN'[39m,
    xsrfHeaderName: [32m'X-XSRF-TOKEN'[39m,
    maxContentLength: [33m-1[39m,
    maxBodyLength: [33m-1[39m,
    env: { FormData: [36m[Function [FormData]][39m, Blob: [36m[class 
Blob][39m },
    validateStatus: [36m[Function: validateStatus][39m,
    headers: Object [AxiosHeaders] {
      Accept: [32m'application/json, text/plain, */*'[39m,
      [32m'Content-Type'[39m: [90mundefined[39m
    },
    method: [32m'get'[39m,
    url: [32m'/api/commons/defaults'[39m,
    allowAbsoluteUrls: [33mtrue[39m,
    data: [90mundefined[39m
  },
  response: {
    status: [33m404[39m,
    data: [90mundefined[39m,
    headers: Object [AxiosHeaders] {},
    config: {
      transitional: [36m[Object][39m,
      transformRequest: [36m[Array][39m,
      transformResponse: [36m[Array][39m,
      timeout: [33m0[39m,
      xsrfCookieName: [32m'XSRF-TOKEN'[39m,
      xsrfHeaderName: [32m'X-XSRF-TOKEN'[39m,
      maxContentLength: [33m-1[39m,
      maxBodyLength: [33m-1[39m,
      env: [36m[Object][39m,
      validateStatus: [36m[Function: validateStatus][39m,
      headers: [36m[Object [AxiosHeaders]][39m,
      method: [32m'get'[39m,
      url: [32m'/api/commons/defaults'[39m,
      allowAbsoluteUrls: [33mtrue[39m,
      data: [90mundefined[39m
    },
    request: { responseURL: [32m'/api/commons/defaults'[39m }
  },
  status: [33m404[39m,
  cause: Error: Request failed with status code 404
      at createAxiosError [90m(C:\Users\ivyho\OneDrive\Desktop\happycows_cs156
\proj-happycows\frontend\[39mnode_modules\[4maxios-mock-adapter[24m\src\util
s.js:161:34[90m)[39m
      at Object.settle [90m(C:\Users\ivyho\OneDrive\Desktop\happycows_cs156\pr
oj-happycows\frontend\[39mnode_modules\[4maxios-mock-adapter[24m\src\utils.j
s:150:11[90m)[39m
  [90m    at runNextTicks (node:internal/process/task_queues:64:5)[39m
  [90m    at listOnTimeout (node:internal/timers:567:9)[39m
  [90m    at processTimers (node:internal/timers:541:7)[39m
}

 [32mΓ£ô[39m src/tests/components/Chat/ChatDisplay.test.jsx [2m([22m[2m13 tests[22m[2m)[22m[33m 2878[2mms[22m[39m
   [33m[2mΓ£ô[22m[39m ChatDisplay tests[2m > [22mrenders without crashing [33m 654[2mms[22m[39m
   [33m[2mΓ£ô[22m[39m ChatDisplay tests[2m > [22mhistory link points to the commons specific route [33m 789[2mms[22m[39m
   [33m[2mΓ£ô[22m[39m ChatDisplay tests[2m > [22mhistory link applies the expected styling [33m 453[2mms[22m[39m
(node:45276) TimeoutNaNWarning: NaN is not a number.
Timeout duration was set to 1.
(Use `node --trace-warnings ...` to show where the warning was created)
[90mstderr[2m | src/tests/components/Commons/CommonsForm.test.jsx[2m > 
[22m[2mCommonsForm tests[2m > [22m[2mrenders correctly when an 
initialCommons is passed in
[22m[39mAxiosError: Request failed with status code 404
    at AxiosError.from [90m(C:\Users\ivyho\OneDrive\Desktop\happycows_cs156\pr
oj-happycows\frontend\[39mnode_modules\[4maxios[24m\lib\core\AxiosError.js:9
2:14[90m)[39m
    at createAxiosError [90m(C:\Users\ivyho\OneDrive\Desktop\happycows_cs156\p
roj-happycows\frontend\[39mnode_modules\[4maxios-mock-adapter[24m\src\utils.
js:161:29[90m)[39m
    at Object.settle [90m(C:\Users\ivyho\OneDrive\Desktop\happycows_cs156\proj
-happycows\frontend\[39mnode_modules\[4maxios-mock-adapter[24m\src\utils.js:
150:11[90m)[39m
[90m    at runNextTicks (node:internal/process/task_queues:64:5)[39m
[90m    at processTimers (node:internal/timers:538:9)[39m
    at Axios.request [90m(file:///C:/Users/ivyho/OneDrive/Desktop/happycows_cs
156/proj-happycows/frontend/[39mnode_modules/[4maxios[24m/lib/core/Axios.js:
45:41[90m)[39m
[90m    at runNextTicks (node:internal/process/task_queues:64:5)[39m
[90m    at processTimers (node:internal/timers:538:9)[39m
    at Object.queryFn [90m(C:\Users\ivyho\OneDrive\Desktop\happycows_cs156\pro
j-happycows\frontend\[39msrc\main\utils\useBackend.js:33:26[90m)[39m {
  config: {
    transitional: {
      silentJSONParsing: [33mtrue[39m,
      forcedJSONParsing: [33mtrue[39m,
      clarifyTimeoutError: [33mfalse[39m
    },
    transformRequest: [ [36m[Function: transformRequest][39m ],
    transformResponse: [ [36m[Function: transformResponse][39m ],
    timeout: [33m0[39m,
    xsrfCookieName: [32m'XSRF-TOKEN'[39m,
    xsrfHeaderName: [32m'X-XSRF-TOKEN'[39m,
    maxContentLength: [33m-1[39m,
    maxBodyLength: [33m-1[39m,
    env: { FormData: [36m[Function [FormData]][39m, Blob: [36m[class 
Blob][39m },
    validateStatus: [36m[Function: validateStatus][39m,
    headers: Object [AxiosHeaders] {
      Accept: [32m'application/json, text/plain, */*'[39m,
      [32m'Content-Type'[39m: [90mundefined[39m
    },
    method: [32m'get'[39m,
    url: [32m'/api/commons/defaults'[39m,
    allowAbsoluteUrls: [33mtrue[39m,
    data: [90mundefined[39m
  },
  response: {
    status: [33m404[39m,
    data: [90mundefined[39m,
    headers: Object [AxiosHeaders] {},
    config: {
      transitional: [36m[Object][39m,
      transformRequest: [36m[Array][39m,
      transformResponse: [36m[Array][39m,
      timeout: [33m0[39m,
      xsrfCookieName: [32m'XSRF-TOKEN'[39m,
      xsrfHeaderName: [32m'X-XSRF-TOKEN'[39m,
      maxContentLength: [33m-1[39m,
      maxBodyLength: [33m-1[39m,
      env: [36m[Object][39m,
      validateStatus: [36m[Function: validateStatus][39m,
      headers: [36m[Object [AxiosHeaders]][39m,
      method: [32m'get'[39m,
      url: [32m'/api/commons/defaults'[39m,
      allowAbsoluteUrls: [33mtrue[39m,
      data: [90mundefined[39m
    },
    request: { responseURL: [32m'/api/commons/defaults'[39m }
  },
  status: [33m404[39m,
  cause: Error: Request failed with status code 404
      at createAxiosError [90m(C:\Users\ivyho\OneDrive\Desktop\happycows_cs156
\proj-happycows\frontend\[39mnode_modules\[4maxios-mock-adapter[24m\src\util
s.js:161:34[90m)[39m
      at Object.settle [90m(C:\Users\ivyho\OneDrive\Desktop\happycows_cs156\pr
oj-happycows\frontend\[39mnode_modules\[4maxios-mock-adapter[24m\src\utils.j
s:150:11[90m)[39m
  [90m    at runNextTicks (node:internal/process/task_queues:64:5)[39m
  [90m    at processTimers (node:internal/timers:538:9)[39m
}

(node:22064) TimeoutNaNWarning: NaN is not a number.
Timeout duration was set to 1.
(Use `node --trace-warnings ...` to show where the warning was created)
[90mstderr[2m | src/tests/components/Commons/CommonsForm.test.jsx[2m > 
[22m[2mCommonsForm tests[2m > [22m[2mthe correct parameters are passed to 
useBackend
[22m[39mAxiosError: Request failed with status code 404
    at AxiosError.from [90m(C:\Users\ivyho\OneDrive\Desktop\happycows_cs156\pr
oj-happycows\frontend\[39mnode_modules\[4maxios[24m\lib\core\AxiosError.js:9
2:14[90m)[39m
    at createAxiosError [90m(C:\Users\ivyho\OneDrive\Desktop\happycows_cs156\p
roj-happycows\frontend\[39mnode_modules\[4maxios-mock-adapter[24m\src\utils.
js:161:29[90m)[39m
    at Object.settle [90m(C:\Users\ivyho\OneDrive\Desktop\happycows_cs156\proj
-happycows\frontend\[39mnode_modules\[4maxios-mock-adapter[24m\src\utils.js:
150:11[90m)[39m
[90m    ... 2 lines matching cause stack trace ...[39m
[90m    at processTimers (node:internal/timers:541:7)[39m
    at Axios.request [90m(file:///C:/Users/ivyho/OneDrive/Desktop/happycows_cs
156/proj-happycows/frontend/[39mnode_modules/[4maxios[24m/lib/core/Axios.js:
45:41[90m)[39m
[90m    at runNextTicks (node:internal/process/task_queues:64:5)[39m
[90m    at listOnTimeout (node:internal/timers:567:9)[39m
[90m    at processTimers (node:internal/timers:541:7)[39m
    at Object.queryFn [90m(C:\Users\ivyho\OneDrive\Desktop\happycows_cs156\pro
j-happycows\frontend\[39msrc\main\utils\useBackend.js:33:26[90m)[39m {
  config: {
    transitional: {
      silentJSONParsing: [33mtrue[39m,
      forcedJSONParsing: [33mtrue[39m,
      clarifyTimeoutError: [33mfalse[39m
    },
    transformRequest: [ [36m[Function: transformRequest][39m ],
    transformResponse: [ [36m[Function: transformResponse][39m ],
    timeout: [33m0[39m,
    xsrfCookieName: [32m'XSRF-TOKEN'[39m,
    xsrfHeaderName: [32m'X-XSRF-TOKEN'[39m,
    maxContentLength: [33m-1[39m,
    maxBodyLength: [33m-1[39m,
    env: { FormData: [36m[Function [FormData]][39m, Blob: [36m[class 
Blob][39m },
    validateStatus: [36m[Function: validateStatus][39m,
    headers: Object [AxiosHeaders] {
      Accept: [32m'application/json, text/plain, */*'[39m,
      [32m'Content-Type'[39m: [90mundefined[39m
    },
    method: [32m'get'[39m,
    url: [32m'/api/commons/defaults'[39m,
    allowAbsoluteUrls: [33mtrue[39m,
    data: [90mundefined[39m
  },
  response: {
    status: [33m404[39m,
    data: [90mundefined[39m,
    headers: Object [AxiosHeaders] {},
    config: {
      transitional: [36m[Object][39m,
      transformRequest: [36m[Array][39m,
      transformResponse: [36m[Array][39m,
      timeout: [33m0[39m,
      xsrfCookieName: [32m'XSRF-TOKEN'[39m,
      xsrfHeaderName: [32m'X-XSRF-TOKEN'[39m,
      maxContentLength: [33m-1[39m,
      maxBodyLength: [33m-1[39m,
      env: [36m[Object][39m,
      validateStatus: [36m[Function: validateStatus][39m,
      headers: [36m[Object [AxiosHeaders]][39m,
      method: [32m'get'[39m,
      url: [32m'/api/commons/defaults'[39m,
      allowAbsoluteUrls: [33mtrue[39m,
      data: [90mundefined[39m
    },
    request: { responseURL: [32m'/api/commons/defaults'[39m }
  },
  status: [33m404[39m,
  cause: Error: Request failed with status code 404
      at createAxiosError [90m(C:\Users\ivyho\OneDrive\Desktop\happycows_cs156
\proj-happycows\frontend\[39mnode_modules\[4maxios-mock-adapter[24m\src\util
s.js:161:34[90m)[39m
      at Object.settle [90m(C:\Users\ivyho\OneDrive\Desktop\happycows_cs156\pr
oj-happycows\frontend\[39mnode_modules\[4maxios-mock-adapter[24m\src\utils.j
s:150:11[90m)[39m
  [90m    at runNextTicks (node:internal/process/task_queues:64:5)[39m
  [90m    at listOnTimeout (node:internal/timers:567:9)[39m
  [90m    at processTimers (node:internal/timers:541:7)[39m
}

[90mstderr[2m | src/tests/components/Commons/CommonsForm.test.jsx[2m > 
[22m[2mCommonsForm tests[2m > [22m[2mpopulates form fields with default 
values when initialCommons is not provided
[22m[39mAxiosError: Request failed with status code 404
    at AxiosError.from [90m(C:\Users\ivyho\OneDrive\Desktop\happycows_cs156\pr
oj-happycows\frontend\[39mnode_modules\[4maxios[24m\lib\core\AxiosError.js:9
2:14[90m)[39m
    at createAxiosError [90m(C:\Users\ivyho\OneDrive\Desktop\happycows_cs156\p
roj-happycows\frontend\[39mnode_modules\[4maxios-mock-adapter[24m\src\utils.
js:161:29[90m)[39m
    at Object.settle [90m(C:\Users\ivyho\OneDrive\Desktop\happycows_cs156\proj
-happycows\frontend\[39mnode_modules\[4maxios-mock-adapter[24m\src\utils.js:
150:11[90m)[39m
    at Axios.request [90m(file:///C:/Users/ivyho/OneDrive/Desktop/happycows_cs
156/proj-happycows/frontend/[39mnode_modules/[4maxios[24m/lib/core/Axios.js:
45:41[90m)[39m
    at Object.queryFn [90m(C:\Users\ivyho\OneDrive\Desktop\happycows_cs156\pro
j-happycows\frontend\[39msrc\main\utils\useBackend.js:33:26[90m)[39m {
  config: {
    transitional: {
      silentJSONParsing: [33mtrue[39m,
      forcedJSONParsing: [33mtrue[39m,
      clarifyTimeoutError: [33mfalse[39m
    },
    transformRequest: [ [36m[Function: transformRequest][39m ],
    transformResponse: [ [36m[Function: transformResponse][39m ],
    timeout: [33m0[39m,
    xsrfCookieName: [32m'XSRF-TOKEN'[39m,
    xsrfHeaderName: [32m'X-XSRF-TOKEN'[39m,
    maxContentLength: [33m-1[39m,
    maxBodyLength: [33m-1[39m,
    env: { FormData: [36m[Function [FormData]][39m, Blob: [36m[class 
Blob][39m },
    validateStatus: [36m[Function: validateStatus][39m,
    headers: Object [AxiosHeaders] {
      Accept: [32m'application/json, text/plain, */*'[39m,
      [32m'Content-Type'[39m: [90mundefined[39m
    },
    method: [32m'get'[39m,
    url: [32m'/api/commons/defaults'[39m,
    allowAbsoluteUrls: [33mtrue[39m,
    data: [90mundefined[39m
  },
  response: {
    status: [33m404[39m,
    data: [90mundefined[39m,
    headers: Object [AxiosHeaders] {},
    config: {
      transitional: [36m[Object][39m,
      transformRequest: [36m[Array][39m,
      transformResponse: [36m[Array][39m,
      timeout: [33m0[39m,
      xsrfCookieName: [32m'XSRF-TOKEN'[39m,
      xsrfHeaderName: [32m'X-XSRF-TOKEN'[39m,
      maxContentLength: [33m-1[39m,
      maxBodyLength: [33m-1[39m,
      env: [36m[Object][39m,
      validateStatus: [36m[Function: validateStatus][39m,
      headers: [36m[Object [AxiosHeaders]][39m,
      method: [32m'get'[39m,
      url: [32m'/api/commons/defaults'[39m,
      allowAbsoluteUrls: [33mtrue[39m,
      data: [90mundefined[39m
    },
    request: { responseURL: [32m'/api/commons/defaults'[39m }
  },
  status: [33m404[39m,
  cause: Error: Request failed with status code 404
      at createAxiosError [90m(C:\Users\ivyho\OneDrive\Desktop\happycows_cs156
\proj-happycows\frontend\[39mnode_modules\[4maxios-mock-adapter[24m\src\util
s.js:161:34[90m)[39m
      at Object.settle [90m(C:\Users\ivyho\OneDrive\Desktop\happycows_cs156\pr
oj-happycows\frontend\[39mnode_modules\[4maxios-mock-adapter[24m\src\utils.j
s:150:11[90m)[39m
}

[90mstdout[2m | src/tests/components/Commons/AdminCommonsCard.test.jsx[2m > [22m[2mAdminCommonsCard tests[2m > [22m[2mconfirmDelete sets showModal to false after mutation
[22m[39mCommons with id 1 was deleted

 [32mΓ£ô[39m src/tests/components/Commons/CommonsForm.test.jsx [2m([22m[2m9 tests[22m[2m)[22m[33m 7456[2mms[22m[39m
   [33m[2mΓ£ô[22m[39m CommonsForm tests[2m > [22mrenders correctly [33m 2110[2mms[22m[39m
   [33m[2mΓ£ô[22m[39m CommonsForm tests[2m > [22mhas validation errors for required fields [33m 1927[2mms[22m[39m
   [33m[2mΓ£ô[22m[39m CommonsForm tests[2m > [22mhas validation errors for values out of range [33m 1647[2mms[22m[39m
   [33m[2mΓ£ô[22m[39m CommonsForm tests[2m > [22mrenders correctly when an initialCommons is passed in [33m 308[2mms[22m[39m
   [33m[2mΓ£ô[22m[39m CommonsForm tests[2m > [22mrenders correctly when an initialCommons is not passed in [33m 402[2mms[22m[39m
   [33m[2mΓ£ô[22m[39m CommonsForm tests[2m > [22mthe correct parameters are passed to useBackend [33m 461[2mms[22m[39m
[90mstderr[2m | Object.onError (C:\Users\ivyho\OneDrive\Desktop\happycows_cs1
56\proj-happycows\frontend\node_modules\react-query\lib\core\query.js:369:36)
[22m[39mAxiosError: Request failed with status code 404
    at AxiosError.from [90m(C:\Users\ivyho\OneDrive\Desktop\happycows_cs156\pr
oj-happycows\frontend\[39mnode_modules\[4maxios[24m\lib\core\AxiosError.js:9
2:14[90m)[39m
    at createAxiosError [90m(C:\Users\ivyho\OneDrive\Desktop\happycows_cs156\p
roj-happycows\frontend\[39mnode_modules\[4maxios-mock-adapter[24m\src\utils.
js:161:29[90m)[39m
    at Object.settle [90m(C:\Users\ivyho\OneDrive\Desktop\happycows_cs156\proj
-happycows\frontend\[39mnode_modules\[4maxios-mock-adapter[24m\src\utils.js:
150:11[90m)[39m
[90m    at runNextTicks (node:internal/process/task_queues:64:5)[39m
[90m    at processTimers (node:internal/timers:538:9)[39m
    at Axios.request [90m(file:///C:/Users/ivyho/OneDrive/Desktop/happycows_cs
156/proj-happycows/frontend/[39mnode_modules/[4maxios[24m/lib/core/Axios.js:
45:41[90m)[39m
[90m    at runNextTicks (node:internal/process/task_queues:64:5)[39m
[90m    at processTimers (node:internal/timers:538:9)[39m
    at Object.queryFn [90m(C:\Users\ivyho\OneDrive\Desktop\happycows_cs156\pro
j-happycows\frontend\[39msrc\main\utils\useBackend.js:33:26[90m)[39m {
  config: {
    transitional: {
      silentJSONParsing: [33mtrue[39m,
      forcedJSONParsing: [33mtrue[39m,
      clarifyTimeoutError: [33mfalse[39m
    },
    transformRequest: [ [36m[Function: transformRequest][39m ],
    transformResponse: [ [36m[Function: transformResponse][39m ],
    timeout: [33m0[39m,
    xsrfCookieName: [32m'XSRF-TOKEN'[39m,
    xsrfHeaderName: [32m'X-XSRF-TOKEN'[39m,
    maxContentLength: [33m-1[39m,
    maxBodyLength: [33m-1[39m,
    env: { FormData: [36m[Function [FormData]][39m, Blob: [36m[class 
Blob][39m },
    validateStatus: [36m[Function: validateStatus][39m,
    headers: Object [AxiosHeaders] {
      Accept: [32m'application/json, text/plain, */*'[39m,
      [32m'Content-Type'[39m: [90mundefined[39m
    },
    method: [32m'get'[39m,
    url: [32m'/api/commons/defaults'[39m,
    allowAbsoluteUrls: [33mtrue[39m,
    data: [90mundefined[39m
  },
  response: {
    status: [33m404[39m,
    data: [90mundefined[39m,
    headers: Object [AxiosHeaders] {},
    config: {
      transitional: [36m[Object][39m,
      transformRequest: [36m[Array][39m,
      transformResponse: [36m[Array][39m,
      timeout: [33m0[39m,
      xsrfCookieName: [32m'XSRF-TOKEN'[39m,
      xsrfHeaderName: [32m'X-XSRF-TOKEN'[39m,
      maxContentLength: [33m-1[39m,
      maxBodyLength: [33m-1[39m,
      env: [36m[Object][39m,
      validateStatus: [36m[Function: validateStatus][39m,
      headers: [36m[Object [AxiosHeaders]][39m,
      method: [32m'get'[39m,
      url: [32m'/api/commons/defaults'[39m,
      allowAbsoluteUrls: [33mtrue[39m,
      data: [90mundefined[39m
    },
    request: { responseURL: [32m'/api/commons/defaults'[39m }
  },
  status: [33m404[39m,
  cause: Error: Request failed with status code 404
      at createAxiosError [90m(C:\Users\ivyho\OneDrive\Desktop\happycows_cs156
\proj-happycows\frontend\[39mnode_modules\[4maxios-mock-adapter[24m\src\util
s.js:161:34[90m)[39m
      at Object.settle [90m(C:\Users\ivyho\OneDrive\Desktop\happycows_cs156\pr
oj-happycows\frontend\[39mnode_modules\[4maxios-mock-adapter[24m\src\utils.j
s:150:11[90m)[39m
  [90m    at runNextTicks (node:internal/process/task_queues:64:5)[39m
  [90m    at processTimers (node:internal/timers:538:9)[39m
}

[90mstderr[2m | src/tests/pages/AdminCreateAnnouncementsPage.test.jsx[2m > 
[22m[2mAdminCreateAnnouncementsPage tests[2m > [22m[2mWhen you fill in 
form and click submit, the right things happen
[22m[39mAxiosError: Request failed with status code 404
    at AxiosError.from [90m(C:\Users\ivyho\OneDrive\Desktop\happycows_cs156\pr
oj-happycows\frontend\[39mnode_modules\[4maxios[24m\lib\core\AxiosError.js:9
2:14[90m)[39m
    at createAxiosError [90m(C:\Users\ivyho\OneDrive\Desktop\happycows_cs156\p
roj-happycows\frontend\[39mnode_modules\[4maxios-mock-adapter[24m\src\utils.
js:161:29[90m)[39m
    at Object.settle [90m(C:\Users\ivyho\OneDrive\Desktop\happycows_cs156\proj
-happycows\frontend\[39mnode_modules\[4maxios-mock-adapter[24m\src\utils.js:
150:11[90m)[39m
    at Axios.request [90m(file:///C:/Users/ivyho/OneDrive/Desktop/happycows_cs
156/proj-happycows/frontend/[39mnode_modules/[4maxios[24m/lib/core/Axios.js:
45:41[90m)[39m
    at Object.queryFn [90m(C:\Users\ivyho\OneDrive\Desktop\happycows_cs156\pro
j-happycows\frontend\[39msrc\main\utils\useBackend.js:33:26[90m)[39m {
  config: {
    transitional: {
      silentJSONParsing: [33mtrue[39m,
      forcedJSONParsing: [33mtrue[39m,
      clarifyTimeoutError: [33mfalse[39m
    },
    transformRequest: [ [36m[Function: transformRequest][39m ],
    transformResponse: [ [36m[Function: transformResponse][39m ],
    timeout: [33m0[39m,
    xsrfCookieName: [32m'XSRF-TOKEN'[39m,
    xsrfHeaderName: [32m'X-XSRF-TOKEN'[39m,
    maxContentLength: [33m-1[39m,
    maxBodyLength: [33m-1[39m,
    env: { FormData: [36m[Function [FormData]][39m, Blob: [36m[class 
Blob][39m },
    validateStatus: [36m[Function: validateStatus][39m,
    headers: Object [AxiosHeaders] {
      Accept: [32m'application/json, text/plain, */*'[39m,
      [32m'Content-Type'[39m: [90mundefined[39m
    },
    method: [32m'get'[39m,
    url: [32m'/api/announcements/getbycommonsid'[39m,
    params: { commonsId: [33m1[39m },
    allowAbsoluteUrls: [33mtrue[39m,
    data: [90mundefined[39m
  },
  response: {
    status: [33m404[39m,
    data: [90mundefined[39m,
    headers: Object [AxiosHeaders] {},
    config: {
      transitional: [36m[Object][39m,
      transformRequest: [36m[Array][39m,
      transformResponse: [36m[Array][39m,
      timeout: [33m0[39m,
      xsrfCookieName: [32m'XSRF-TOKEN'[39m,
      xsrfHeaderName: [32m'X-XSRF-TOKEN'[39m,
      maxContentLength: [33m-1[39m,
      maxBodyLength: [33m-1[39m,
      env: [36m[Object][39m,
      validateStatus: [36m[Function: validateStatus][39m,
      headers: [36m[Object [AxiosHeaders]][39m,
      method: [32m'get'[39m,
      url: [32m'/api/announcements/getbycommonsid'[39m,
      params: [36m[Object][39m,
      allowAbsoluteUrls: [33mtrue[39m,
      data: [90mundefined[39m
    },
    request: { responseURL: [32m'/api/announcements/getbycommonsid'[39m }
  },
  status: [33m404[39m,
  cause: Error: Request failed with status code 404
      at createAxiosError [90m(C:\Users\ivyho\OneDrive\Desktop\happycows_cs156
\proj-happycows\frontend\[39mnode_modules\[4maxios-mock-adapter[24m\src\util
s.js:161:34[90m)[39m
      at Object.settle [90m(C:\Users\ivyho\OneDrive\Desktop\happycows_cs156\pr
oj-happycows\frontend\[39mnode_modules\[4maxios-mock-adapter[24m\src\utils.j
s:150:11[90m)[39m
}

 [32mΓ£ô[39m src/tests/components/Commons/AdminCommonsCard.test.jsx [2m([22m[2m33 tests[22m[2m)[22m[33m 6107[2mms[22m[39m
   [33m[2mΓ£ô[22m[39m AdminCommonsCard tests[2m > [22mrenders without crashing for admin user [33m 858[2mms[22m[39m
   [33m[2mΓ£ô[22m[39m AdminCommonsCard tests[2m > [22mdisplays all commons fields correctly [33m 614[2mms[22m[39m
   [33m[2mΓ£ô[22m[39m AdminCommonsCard tests[2m > [22mmodal cancel button closes modal [33m 316[2mms[22m[39m
   [33m[2mΓ£ô[22m[39m AdminCommonsCard tests[2m > [22mmodal delete button confirms deletion [33m 795[2mms[22m[39m
   [33m[2mΓ£ô[22m[39m AdminCommonsCard tests[2m > [22mmodal onHide callback is properly set [33m 566[2mms[22m[39m
 [32mΓ£ô[39m src/tests/pages/AdminCreateAnnouncementsPage.test.jsx [2m([22m[2m6 tests[22m[2m)[22m[33m 3109[2mms[22m[39m
   [33m[2mΓ£ô[22m[39m AdminCreateAnnouncementsPage tests[2m > [22mrenders page without crashing [33m 1302[2mms[22m[39m
   [33m[2mΓ£ô[22m[39m AdminCreateAnnouncementsPage tests[2m > [22mcorrect href for create announcements button as an admin [33m 321[2mms[22m[39m
   [33m[2mΓ£ô[22m[39m AdminCreateAnnouncementsPage tests[2m > [22mcreate mutation is configured with correct API request and invalidate key [33m 506[2mms[22m[39m
   [33m[2mΓ£ô[22m[39m AdminCreateAnnouncementsPage tests[2m > [22mcreate mutation omits endDate when not provided [33m 489[2mms[22m[39m
(node:46516) TimeoutNaNWarning: NaN is not a number.
Timeout duration was set to 1.
(Use `node --trace-warnings ...` to show where the warning was created)
 [32mΓ£ô[39m src/tests/components/Commons/ManageCowsModal.test.jsx [2m([22m[2m17 tests[22m[2m)[22m[33m 2918[2mms[22m[39m
   [33m[2mΓ£ô[22m[39m ManageCowsModal[2m > [22mrenders the modal when isOpen is true [33m 467[2mms[22m[39m
   [33m[2mΓ£ô[22m[39m ManageCowsModal[2m > [22mcalls onClose and setNumber when cancel button is clicked [33m 326[2mms[22m[39m
   [33m[2mΓ£ô[22m[39m ManageCowsModal[2m > [22mtoast warning for inputing negative number when buying cows [33m 308[2mms[22m[39m
   [33m[2mΓ£ô[22m[39m ManageCowsModal[2m > [22mupdates the number state on input change [33m 444[2mms[22m[39m
 [32mΓ£ô[39m src/tests/components/Commons/CommonsTable.test.jsx [2m([22m[2m8 tests[22m[2m)[22m[33m 5355[2mms[22m[39m
   [33m[2mΓ£ô[22m[39m UserTable tests[2m > [22mHas the expected column headers and content for adminUser [33m 767[2mms[22m[39m
   [33m[2mΓ£ô[22m[39m Modal tests[2m > [22mClicking Delete button opens the modal for adminUser [33m 1289[2mms[22m[39m
   [33m[2mΓ£ô[22m[39m Modal tests[2m > [22mClicking Permanently Delete button deletes the commons [33m 867[2mms[22m[39m
   [33m[2mΓ£ô[22m[39m Modal tests[2m > [22mClicking Keep this Commons button cancels the deletion [33m 807[2mms[22m[39m
   [33m[2mΓ£ô[22m[39m Modal tests[2m > [22mPressing the escape key on the modal cancels the deletion [33m 1181[2mms[22m[39m
[90mstderr[2m | src/tests/pages/AdminEditAnnouncementsPage.test.jsx[2m > 
[22m[2mAdminEditAnnouncementsPage tests[2m > [22m[2mhandles missing 
announcement data gracefully
[22m[39mWarning: An update to BasicLayout inside a test was not wrapped in 
act(...).

When testing, code that causes React state updates should be wrapped into 
act(...):

act(() => {
  /* fire events that update state */
});
/* assert on the output */

This ensures that you're testing the behavior the user would see in the 
browser. Learn more at https://reactjs.org/link/wrap-tests-with-act
    at BasicLayout (C:\Users\ivyho\OneDrive\Desktop\happycows_cs156\proj-happyc
ows\frontend\src\main\layouts\BasicLayout\BasicLayout.jsx:14:24)
    at AdminEditAnnouncementsPage (C:\Users\ivyho\OneDrive\Desktop\happycows_cs
156\proj-happycows\frontend\src\main\pages\AdminEditAnnouncementsPage.jsx:23:71
)
    at Router (C:\Users\ivyho\OneDrive\Desktop\happycows_cs156\proj-happycows\f
rontend\node_modules\react-router\dist\development\chunk-CSDGKXLR.js:439:13)
    at MemoryRouter (C:\Users\ivyho\OneDrive\Desktop\happycows_cs156\proj-happy
cows\frontend\node_modules\react-router\dist\development\chunk-CSDGKXLR.js:361:
3)
    at QueryClientProvider (C:\Users\ivyho\OneDrive\Desktop\happycows_cs156\pro
j-happycows\frontend\node_modules\react-query\lib\react\QueryClientProvider.js:
45:21)
Warning: An update to BasicLayout inside a test was not wrapped in act(...).

When testing, code that causes React state updates should be wrapped into 
act(...):

act(() => {
  /* fire events that update state */
});
/* assert on the output */

This ensures that you're testing the behavior the user would see in the 
browser. Learn more at https://reactjs.org/link/wrap-tests-with-act
    at BasicLayout (C:\Users\ivyho\OneDrive\Desktop\happycows_cs156\proj-happyc
ows\frontend\src\main\layouts\BasicLayout\BasicLayout.jsx:14:24)
    at AdminEditAnnouncementsPage (C:\Users\ivyho\OneDrive\Desktop\happycows_cs
156\proj-happycows\frontend\src\main\pages\AdminEditAnnouncementsPage.jsx:23:71
)
    at Router (C:\Users\ivyho\OneDrive\Desktop\happycows_cs156\proj-happycows\f
rontend\node_modules\react-router\dist\development\chunk-CSDGKXLR.js:439:13)
    at MemoryRouter (C:\Users\ivyho\OneDrive\Desktop\happycows_cs156\proj-happy
cows\frontend\node_modules\react-router\dist\development\chunk-CSDGKXLR.js:361:
3)
    at QueryClientProvider (C:\Users\ivyho\OneDrive\Desktop\happycows_cs156\pro
j-happycows\frontend\node_modules\react-query\lib\react\QueryClientProvider.js:
45:21)
Warning: An update to AdminEditAnnouncementsPage inside a test was not wrapped 
in act(...).

When testing, code that causes React state updates should be wrapped into 
act(...):

act(() => {
  /* fire events that update state */
});
/* assert on the output */

This ensures that you're testing the behavior the user would see in the 
browser. Learn more at https://reactjs.org/link/wrap-tests-with-act
    at AdminEditAnnouncementsPage (C:\Users\ivyho\OneDrive\Desktop\happycows_cs
156\proj-happycows\frontend\src\main\pages\AdminEditAnnouncementsPage.jsx:23:71
)
    at Router (C:\Users\ivyho\OneDrive\Desktop\happycows_cs156\proj-happycows\f
rontend\node_modules\react-router\dist\development\chunk-CSDGKXLR.js:439:13)
    at MemoryRouter (C:\Users\ivyho\OneDrive\Desktop\happycows_cs156\proj-happy
cows\frontend\node_modules\react-router\dist\development\chunk-CSDGKXLR.js:361:
3)
    at QueryClientProvider (C:\Users\ivyho\OneDrive\Desktop\happycows_cs156\pro
j-happycows\frontend\node_modules\react-query\lib\react\QueryClientProvider.js:
45:21)
Warning: An update to AdminEditAnnouncementsPage inside a test was not wrapped 
in act(...).

When testing, code that causes React state updates should be wrapped into 
act(...):

act(() => {
  /* fire events that update state */
});
/* assert on the output */

This ensures that you're testing the behavior the user would see in the 
browser. Learn more at https://reactjs.org/link/wrap-tests-with-act
    at AdminEditAnnouncementsPage (C:\Users\ivyho\OneDrive\Desktop\happycows_cs
156\proj-happycows\frontend\src\main\pages\AdminEditAnnouncementsPage.jsx:23:71
)
    at Router (C:\Users\ivyho\OneDrive\Desktop\happycows_cs156\proj-happycows\f
rontend\node_modules\react-router\dist\development\chunk-CSDGKXLR.js:439:13)
    at MemoryRouter (C:\Users\ivyho\OneDrive\Desktop\happycows_cs156\proj-happy
cows\frontend\node_modules\react-router\dist\development\chunk-CSDGKXLR.js:361:
3)
    at QueryClientProvider (C:\Users\ivyho\OneDrive\Desktop\happycows_cs156\pro
j-happycows\frontend\node_modules\react-query\lib\react\QueryClientProvider.js:
45:21)

 [32mΓ£ô[39m src/tests/pages/AdminCreateCommonsPage.test.jsx [2m([22m[2m2 tests[22m[2m)[22m[33m 1774[2mms[22m[39m
   [33m[2mΓ£ô[22m[39m AdminCreateCommonsPage tests[2m > [22mrenders without crashing [33m 1218[2mms[22m[39m
   [33m[2mΓ£ô[22m[39m AdminCreateCommonsPage tests[2m > [22mWhen you fill in form and click submit, the right things happens [33m 548[2mms[22m[39m
[90mstderr[2m | Object.onError (C:\Users\ivyho\OneDrive\Desktop\happycows_cs1
56\proj-happycows\frontend\node_modules\react-query\lib\core\query.js:369:36)
[22m[39mTypeError: __vite_ssr_import_2__.toast.error is not a function
    at Object.queryFn [90m(C:\Users\ivyho\OneDrive\Desktop\happycows_cs156\pro
j-happycows\frontend\[39msrc\main\utils\useBackend.js:41:17[90m)[39m
[90m    at processTicksAndRejections 
(node:internal/process/task_queues:103:5)[39m

[90mstderr[2m | src/tests/pages/AdminEditAnnouncementsPage.test.jsx[2m > 
[22m[2mAdminEditAnnouncementsPage tests[2m > [22m[2mupdate mutation is 
configured with correct API request and invalidate key
[22m[39mWarning: An update to BasicLayout inside a test was not wrapped in 
act(...).

When testing, code that causes React state updates should be wrapped into 
act(...):

act(() => {
  /* fire events that update state */
});
/* assert on the output */

This ensures that you're testing the behavior the user would see in the 
browser. Learn more at https://reactjs.org/link/wrap-tests-with-act
    at BasicLayout (C:\Users\ivyho\OneDrive\Desktop\happycows_cs156\proj-happyc
ows\frontend\src\main\layouts\BasicLayout\BasicLayout.jsx:14:24)
    at AdminEditAnnouncementsPage (C:\Users\ivyho\OneDrive\Desktop\happycows_cs
156\proj-happycows\frontend\src\main\pages\AdminEditAnnouncementsPage.jsx:23:71
)
    at Router (C:\Users\ivyho\OneDrive\Desktop\happycows_cs156\proj-happycows\f
rontend\node_modules\react-router\dist\development\chunk-CSDGKXLR.js:439:13)
    at MemoryRouter (C:\Users\ivyho\OneDrive\Desktop\happycows_cs156\proj-happy
cows\frontend\node_modules\react-router\dist\development\chunk-CSDGKXLR.js:361:
3)
    at QueryClientProvider (C:\Users\ivyho\OneDrive\Desktop\happycows_cs156\pro
j-happycows\frontend\node_modules\react-query\lib\react\QueryClientProvider.js:
45:21)
Warning: An update to BasicLayout inside a test was not wrapped in act(...).

When testing, code that causes React state updates should be wrapped into 
act(...):

act(() => {
  /* fire events that update state */
});
/* assert on the output */

This ensures that you're testing the behavior the user would see in the 
browser. Learn more at https://reactjs.org/link/wrap-tests-with-act
    at BasicLayout (C:\Users\ivyho\OneDrive\Desktop\happycows_cs156\proj-happyc
ows\frontend\src\main\layouts\BasicLayout\BasicLayout.jsx:14:24)
    at AdminEditAnnouncementsPage (C:\Users\ivyho\OneDrive\Desktop\happycows_cs
156\proj-happycows\frontend\src\main\pages\AdminEditAnnouncementsPage.jsx:23:71
)
    at Router (C:\Users\ivyho\OneDrive\Desktop\happycows_cs156\proj-happycows\f
rontend\node_modules\react-router\dist\development\chunk-CSDGKXLR.js:439:13)
    at MemoryRouter (C:\Users\ivyho\OneDrive\Desktop\happycows_cs156\proj-happy
cows\frontend\node_modules\react-router\dist\development\chunk-CSDGKXLR.js:361:
3)
    at QueryClientProvider (C:\Users\ivyho\OneDrive\Desktop\happycows_cs156\pro
j-happycows\frontend\node_modules\react-query\lib\react\QueryClientProvider.js:
45:21)
Warning: An update to AdminEditAnnouncementsPage inside a test was not wrapped 
in act(...).

When testing, code that causes React state updates should be wrapped into 
act(...):

act(() => {
  /* fire events that update state */
});
/* assert on the output */

This ensures that you're testing the behavior the user would see in the 
browser. Learn more at https://reactjs.org/link/wrap-tests-with-act
    at AdminEditAnnouncementsPage (C:\Users\ivyho\OneDrive\Desktop\happycows_cs
156\proj-happycows\frontend\src\main\pages\AdminEditAnnouncementsPage.jsx:23:71
)
    at Router (C:\Users\ivyho\OneDrive\Desktop\happycows_cs156\proj-happycows\f
rontend\node_modules\react-router\dist\development\chunk-CSDGKXLR.js:439:13)
    at MemoryRouter (C:\Users\ivyho\OneDrive\Desktop\happycows_cs156\proj-happy
cows\frontend\node_modules\react-router\dist\development\chunk-CSDGKXLR.js:361:
3)
    at QueryClientProvider (C:\Users\ivyho\OneDrive\Desktop\happycows_cs156\pro
j-happycows\frontend\node_modules\react-query\lib\react\QueryClientProvider.js:
45:21)
Warning: An update to AdminEditAnnouncementsPage inside a test was not wrapped 
in act(...).

When testing, code that causes React state updates should be wrapped into 
act(...):

act(() => {
  /* fire events that update state */
});
/* assert on the output */

This ensures that you're testing the behavior the user would see in the 
browser. Learn more at https://reactjs.org/link/wrap-tests-with-act
    at AdminEditAnnouncementsPage (C:\Users\ivyho\OneDrive\Desktop\happycows_cs
156\proj-happycows\frontend\src\main\pages\AdminEditAnnouncementsPage.jsx:23:71
)
    at Router (C:\Users\ivyho\OneDrive\Desktop\happycows_cs156\proj-happycows\f
rontend\node_modules\react-router\dist\development\chunk-CSDGKXLR.js:439:13)
    at MemoryRouter (C:\Users\ivyho\OneDrive\Desktop\happycows_cs156\proj-happy
cows\frontend\node_modules\react-router\dist\development\chunk-CSDGKXLR.js:361:
3)
    at QueryClientProvider (C:\Users\ivyho\OneDrive\Desktop\happycows_cs156\pro
j-happycows\frontend\node_modules\react-query\lib\react\QueryClientProvider.js:
45:21)

[90mstderr[2m | src/tests/pages/AdminEditAnnouncementsPage.test.jsx[2m > 
[22m[2mAdminEditAnnouncementsPage tests[2m > [22m[2mupdate mutation omits 
endDate when not provided
[22m[39mWarning: An update to BasicLayout inside a test was not wrapped in 
act(...).

When testing, code that causes React state updates should be wrapped into 
act(...):

act(() => {
  /* fire events that update state */
});
/* assert on the output */

This ensures that you're testing the behavior the user would see in the 
browser. Learn more at https://reactjs.org/link/wrap-tests-with-act
    at BasicLayout (C:\Users\ivyho\OneDrive\Desktop\happycows_cs156\proj-happyc
ows\frontend\src\main\layouts\BasicLayout\BasicLayout.jsx:14:24)
    at AdminEditAnnouncementsPage (C:\Users\ivyho\OneDrive\Desktop\happycows_cs
156\proj-happycows\frontend\src\main\pages\AdminEditAnnouncementsPage.jsx:23:71
)
    at Router (C:\Users\ivyho\OneDrive\Desktop\happycows_cs156\proj-happycows\f
rontend\node_modules\react-router\dist\development\chunk-CSDGKXLR.js:439:13)
    at MemoryRouter (C:\Users\ivyho\OneDrive\Desktop\happycows_cs156\proj-happy
cows\frontend\node_modules\react-router\dist\development\chunk-CSDGKXLR.js:361:
3)
    at QueryClientProvider (C:\Users\ivyho\OneDrive\Desktop\happycows_cs156\pro
j-happycows\frontend\node_modules\react-query\lib\react\QueryClientProvider.js:
45:21)
Warning: An update to BasicLayout inside a test was not wrapped in act(...).

When testing, code that causes React state updates should be wrapped into 
act(...):

act(() => {
  /* fire events that update state */
});
/* assert on the output */

This ensures that you're testing the behavior the user would see in the 
browser. Learn more at https://reactjs.org/link/wrap-tests-with-act
    at BasicLayout (C:\Users\ivyho\OneDrive\Desktop\happycows_cs156\proj-happyc
ows\frontend\src\main\layouts\BasicLayout\BasicLayout.jsx:14:24)
    at AdminEditAnnouncementsPage (C:\Users\ivyho\OneDrive\Desktop\happycows_cs
156\proj-happycows\frontend\src\main\pages\AdminEditAnnouncementsPage.jsx:23:71
)
    at Router (C:\Users\ivyho\OneDrive\Desktop\happycows_cs156\proj-happycows\f
rontend\node_modules\react-router\dist\development\chunk-CSDGKXLR.js:439:13)
    at MemoryRouter (C:\Users\ivyho\OneDrive\Desktop\happycows_cs156\proj-happy
cows\frontend\node_modules\react-router\dist\development\chunk-CSDGKXLR.js:361:
3)
    at QueryClientProvider (C:\Users\ivyho\OneDrive\Desktop\happycows_cs156\pro
j-happycows\frontend\node_modules\react-query\lib\react\QueryClientProvider.js:
45:21)
Warning: An update to AdminEditAnnouncementsPage inside a test was not wrapped 
in act(...).

When testing, code that causes React state updates should be wrapped into 
act(...):

act(() => {
  /* fire events that update state */
});
/* assert on the output */

This ensures that you're testing the behavior the user would see in the 
browser. Learn more at https://reactjs.org/link/wrap-tests-with-act
    at AdminEditAnnouncementsPage (C:\Users\ivyho\OneDrive\Desktop\happycows_cs
156\proj-happycows\frontend\src\main\pages\AdminEditAnnouncementsPage.jsx:23:71
)
    at Router (C:\Users\ivyho\OneDrive\Desktop\happycows_cs156\proj-happycows\f
rontend\node_modules\react-router\dist\development\chunk-CSDGKXLR.js:439:13)
    at MemoryRouter (C:\Users\ivyho\OneDrive\Desktop\happycows_cs156\proj-happy
cows\frontend\node_modules\react-router\dist\development\chunk-CSDGKXLR.js:361:
3)
    at QueryClientProvider (C:\Users\ivyho\OneDrive\Desktop\happycows_cs156\pro
j-happycows\frontend\node_modules\react-query\lib\react\QueryClientProvider.js:
45:21)
Warning: An update to AdminEditAnnouncementsPage inside a test was not wrapped 
in act(...).

When testing, code that causes React state updates should be wrapped into 
act(...):

act(() => {
  /* fire events that update state */
});
/* assert on the output */

This ensures that you're testing the behavior the user would see in the 
browser. Learn more at https://reactjs.org/link/wrap-tests-with-act
    at AdminEditAnnouncementsPage (C:\Users\ivyho\OneDrive\Desktop\happycows_cs
156\proj-happycows\frontend\src\main\pages\AdminEditAnnouncementsPage.jsx:23:71
)
    at Router (C:\Users\ivyho\OneDrive\Desktop\happycows_cs156\proj-happycows\f
rontend\node_modules\react-router\dist\development\chunk-CSDGKXLR.js:439:13)
    at MemoryRouter (C:\Users\ivyho\OneDrive\Desktop\happycows_cs156\proj-happy
cows\frontend\node_modules\react-router\dist\development\chunk-CSDGKXLR.js:361:
3)
    at QueryClientProvider (C:\Users\ivyho\OneDrive\Desktop\happycows_cs156\pro
j-happycows\frontend\node_modules\react-query\lib\react\QueryClientProvider.js:
45:21)

 [32mΓ£ô[39m src/tests/components/Announcement/AnnouncementsForm.test.jsx [2m([22m[2m13 tests[22m[2m)[22m[33m 2719[2mms[22m[39m
   [33m[2mΓ£ô[22m[39m AnnouncementForm tests[2m > [22mrenders correctly with no initialContents [33m 419[2mms[22m[39m
   [33m[2mΓ£ô[22m[39m AnnouncementForm tests[2m > [22mrenders correctly when passing in initialContents [33m 308[2mms[22m[39m
   [33m[2mΓ£ô[22m[39m AnnouncementForm tests[2m > [22mthat navigate(-1) is called when Cancel is clicked [33m 416[2mms[22m[39m
   [33m[2mΓ£ô[22m[39m AnnouncementForm tests[2m > [22mthat the correct validations are performed [33m 370[2mms[22m[39m
   [33m[2mΓ£ô[22m[39m AnnouncementForm tests[2m > [22mshows max length error when announcement reaches character limit [33m 301[2mms[22m[39m
[90mstderr[2m | src/tests/pages/AdminEditAnnouncementsPage.test.jsx[2m > 
[22m[2mAdminEditAnnouncementsPage tests[2m > [22m[2monSuccess shows toast 
with announcement details
[22m[39mWarning: An update to BasicLayout inside a test was not wrapped in 
act(...).

When testing, code that causes React state updates should be wrapped into 
act(...):

act(() => {
  /* fire events that update state */
});
/* assert on the output */

This ensures that you're testing the behavior the user would see in the 
browser. Learn more at https://reactjs.org/link/wrap-tests-with-act
    at BasicLayout (C:\Users\ivyho\OneDrive\Desktop\happycows_cs156\proj-happyc
ows\frontend\src\main\layouts\BasicLayout\BasicLayout.jsx:14:24)
    at AdminEditAnnouncementsPage (C:\Users\ivyho\OneDrive\Desktop\happycows_cs
156\proj-happycows\frontend\src\main\pages\AdminEditAnnouncementsPage.jsx:23:71
)
    at Router (C:\Users\ivyho\OneDrive\Desktop\happycows_cs156\proj-happycows\f
rontend\node_modules\react-router\dist\development\chunk-CSDGKXLR.js:439:13)
    at MemoryRouter (C:\Users\ivyho\OneDrive\Desktop\happycows_cs156\proj-happy
cows\frontend\node_modules\react-router\dist\development\chunk-CSDGKXLR.js:361:
3)
    at QueryClientProvider (C:\Users\ivyho\OneDrive\Desktop\happycows_cs156\pro
j-happycows\frontend\node_modules\react-query\lib\react\QueryClientProvider.js:
45:21)
Warning: An update to BasicLayout inside a test was not wrapped in act(...).

When testing, code that causes React state updates should be wrapped into 
act(...):

act(() => {
  /* fire events that update state */
});
/* assert on the output */

This ensures that you're testing the behavior the user would see in the 
browser. Learn more at https://reactjs.org/link/wrap-tests-with-act
    at BasicLayout (C:\Users\ivyho\OneDrive\Desktop\happycows_cs156\proj-happyc
ows\frontend\src\main\layouts\BasicLayout\BasicLayout.jsx:14:24)
    at AdminEditAnnouncementsPage (C:\Users\ivyho\OneDrive\Desktop\happycows_cs
156\proj-happycows\frontend\src\main\pages\AdminEditAnnouncementsPage.jsx:23:71
)
    at Router (C:\Users\ivyho\OneDrive\Desktop\happycows_cs156\proj-happycows\f
rontend\node_modules\react-router\dist\development\chunk-CSDGKXLR.js:439:13)
    at MemoryRouter (C:\Users\ivyho\OneDrive\Desktop\happycows_cs156\proj-happy
cows\frontend\node_modules\react-router\dist\development\chunk-CSDGKXLR.js:361:
3)
    at QueryClientProvider (C:\Users\ivyho\OneDrive\Desktop\happycows_cs156\pro
j-happycows\frontend\node_modules\react-query\lib\react\QueryClientProvider.js:
45:21)
Warning: An update to AdminEditAnnouncementsPage inside a test was not wrapped 
in act(...).

When testing, code that causes React state updates should be wrapped into 
act(...):

act(() => {
  /* fire events that update state */
});
/* assert on the output */

This ensures that you're testing the behavior the user would see in the 
browser. Learn more at https://reactjs.org/link/wrap-tests-with-act
    at AdminEditAnnouncementsPage (C:\Users\ivyho\OneDrive\Desktop\happycows_cs
156\proj-happycows\frontend\src\main\pages\AdminEditAnnouncementsPage.jsx:23:71
)
    at Router (C:\Users\ivyho\OneDrive\Desktop\happycows_cs156\proj-happycows\f
rontend\node_modules\react-router\dist\development\chunk-CSDGKXLR.js:439:13)
    at MemoryRouter (C:\Users\ivyho\OneDrive\Desktop\happycows_cs156\proj-happy
cows\frontend\node_modules\react-router\dist\development\chunk-CSDGKXLR.js:361:
3)
    at QueryClientProvider (C:\Users\ivyho\OneDrive\Desktop\happycows_cs156\pro
j-happycows\frontend\node_modules\react-query\lib\react\QueryClientProvider.js:
45:21)
Warning: An update to AdminEditAnnouncementsPage inside a test was not wrapped 
in act(...).

When testing, code that causes React state updates should be wrapped into 
act(...):

act(() => {
  /* fire events that update state */
});
/* assert on the output */

This ensures that you're testing the behavior the user would see in the 
browser. Learn more at https://reactjs.org/link/wrap-tests-with-act
    at AdminEditAnnouncementsPage (C:\Users\ivyho\OneDrive\Desktop\happycows_cs
156\proj-happycows\frontend\src\main\pages\AdminEditAnnouncementsPage.jsx:23:71
)
    at Router (C:\Users\ivyho\OneDrive\Desktop\happycows_cs156\proj-happycows\f
rontend\node_modules\react-router\dist\development\chunk-CSDGKXLR.js:439:13)
    at MemoryRouter (C:\Users\ivyho\OneDrive\Desktop\happycows_cs156\proj-happy
cows\frontend\node_modules\react-router\dist\development\chunk-CSDGKXLR.js:361:
3)
    at QueryClientProvider (C:\Users\ivyho\OneDrive\Desktop\happycows_cs156\pro
j-happycows\frontend\node_modules\react-query\lib\react\QueryClientProvider.js:
45:21)

[90mstderr[2m | src/tests/pages/AdminViewPlayPage.test.jsx[2m > 
[22m[2mAdminViewPlayPage tests[2m > [22m[2mMake sure that both the 
Announcements and Welcome Farmer components show up
[22m[39mWarning: validateDOMNesting(...): <ul> cannot appear as a descendant 
of <p>.
    at ul
    at p
    at div
    at C:\Users\ivyho\OneDrive\Desktop\happycows_cs156\proj-happycows\frontend\
node_modules\react-bootstrap\cjs\CardBody.js:14:3
    at div
    at C:\Users\ivyho\OneDrive\Desktop\happycows_cs156\proj-happycows\frontend\
node_modules\react-bootstrap\cjs\Card.js:23:3
    at ManageCows (C:\Users\ivyho\OneDrive\Desktop\happycows_cs156\proj-happyco
ws\frontend\src\main\components\Commons\ManageCows.jsx:13:23)
    at div
    at C:\Users\ivyho\OneDrive\Desktop\happycows_cs156\proj-happycows\frontend\
node_modules\react-bootstrap\cjs\CardGroup.js:14:3
    at div
    at C:\Users\ivyho\OneDrive\Desktop\happycows_cs156\proj-happycows\frontend\
node_modules\react-bootstrap\cjs\Container.js:14:3
    at div
    at C:\Users\ivyho\OneDrive\Desktop\happycows_cs156\proj-happycows\frontend\
node_modules\react-bootstrap\cjs\Container.js:14:3
    at div
    at BasicLayout (C:\Users\ivyho\OneDrive\Desktop\happycows_cs156\proj-happyc
ows\frontend\src\main\layouts\BasicLayout\BasicLayout.jsx:14:24)
    at div
    at AdminViewPlayPage (C:\Users\ivyho\OneDrive\Desktop\happycows_cs156\proj-
happycows\frontend\src\main\pages\AdminViewPlayPage.jsx:30:76)
    at Router (C:\Users\ivyho\OneDrive\Desktop\happycows_cs156\proj-happycows\f
rontend\node_modules\react-router\dist\development\chunk-CSDGKXLR.js:439:13)
    at MemoryRouter (C:\Users\ivyho\OneDrive\Desktop\happycows_cs156\proj-happy
cows\frontend\node_modules\react-router\dist\development\chunk-CSDGKXLR.js:361:
3)
    at QueryClientProvider (C:\Users\ivyho\OneDrive\Desktop\happycows_cs156\pro
j-happycows\frontend\node_modules\react-query\lib\react\QueryClientProvider.js:
45:21)

[90mstderr[2m | src/tests/pages/AdminEditAnnouncementsPage.test.jsx[2m > 
[22m[2mAdminEditAnnouncementsPage tests[2m > [22m[2mmutation uses 
announcementId when form data has no id
[22m[39mWarning: An update to BasicLayout inside a test was not wrapped in 
act(...).

When testing, code that causes React state updates should be wrapped into 
act(...):

act(() => {
  /* fire events that update state */
});
/* assert on the output */

This ensures that you're testing the behavior the user would see in the 
browser. Learn more at https://reactjs.org/link/wrap-tests-with-act
    at BasicLayout (C:\Users\ivyho\OneDrive\Desktop\happycows_cs156\proj-happyc
ows\frontend\src\main\layouts\BasicLayout\BasicLayout.jsx:14:24)
    at AdminEditAnnouncementsPage (C:\Users\ivyho\OneDrive\Desktop\happycows_cs
156\proj-happycows\frontend\src\main\pages\AdminEditAnnouncementsPage.jsx:23:71
)
    at Router (C:\Users\ivyho\OneDrive\Desktop\happycows_cs156\proj-happycows\f
rontend\node_modules\react-router\dist\development\chunk-CSDGKXLR.js:439:13)
    at MemoryRouter (C:\Users\ivyho\OneDrive\Desktop\happycows_cs156\proj-happy
cows\frontend\node_modules\react-router\dist\development\chunk-CSDGKXLR.js:361:
3)
    at QueryClientProvider (C:\Users\ivyho\OneDrive\Desktop\happycows_cs156\pro
j-happycows\frontend\node_modules\react-query\lib\react\QueryClientProvider.js:
45:21)
Warning: An update to BasicLayout inside a test was not wrapped in act(...).

When testing, code that causes React state updates should be wrapped into 
act(...):

act(() => {
  /* fire events that update state */
});
/* assert on the output */

This ensures that you're testing the behavior the user would see in the 
browser. Learn more at https://reactjs.org/link/wrap-tests-with-act
    at BasicLayout (C:\Users\ivyho\OneDrive\Desktop\happycows_cs156\proj-happyc
ows\frontend\src\main\layouts\BasicLayout\BasicLayout.jsx:14:24)
    at AdminEditAnnouncementsPage (C:\Users\ivyho\OneDrive\Desktop\happycows_cs
156\proj-happycows\frontend\src\main\pages\AdminEditAnnouncementsPage.jsx:23:71
)
    at Router (C:\Users\ivyho\OneDrive\Desktop\happycows_cs156\proj-happycows\f
rontend\node_modules\react-router\dist\development\chunk-CSDGKXLR.js:439:13)
    at MemoryRouter (C:\Users\ivyho\OneDrive\Desktop\happycows_cs156\proj-happy
cows\frontend\node_modules\react-router\dist\development\chunk-CSDGKXLR.js:361:
3)
    at QueryClientProvider (C:\Users\ivyho\OneDrive\Desktop\happycows_cs156\pro
j-happycows\frontend\node_modules\react-query\lib\react\QueryClientProvider.js:
45:21)
Warning: An update to AdminEditAnnouncementsPage inside a test was not wrapped 
in act(...).

When testing, code that causes React state updates should be wrapped into 
act(...):

act(() => {
  /* fire events that update state */
});
/* assert on the output */

This ensures that you're testing the behavior the user would see in the 
browser. Learn more at https://reactjs.org/link/wrap-tests-with-act
    at AdminEditAnnouncementsPage (C:\Users\ivyho\OneDrive\Desktop\happycows_cs
156\proj-happycows\frontend\src\main\pages\AdminEditAnnouncementsPage.jsx:23:71
)
    at Router (C:\Users\ivyho\OneDrive\Desktop\happycows_cs156\proj-happycows\f
rontend\node_modules\react-router\dist\development\chunk-CSDGKXLR.js:439:13)
    at MemoryRouter (C:\Users\ivyho\OneDrive\Desktop\happycows_cs156\proj-happy
cows\frontend\node_modules\react-router\dist\development\chunk-CSDGKXLR.js:361:
3)
    at QueryClientProvider (C:\Users\ivyho\OneDrive\Desktop\happycows_cs156\pro
j-happycows\frontend\node_modules\react-query\lib\react\QueryClientProvider.js:
45:21)
Warning: An update to AdminEditAnnouncementsPage inside a test was not wrapped 
in act(...).

When testing, code that causes React state updates should be wrapped into 
act(...):

act(() => {
  /* fire events that update state */
});
/* assert on the output */

This ensures that you're testing the behavior the user would see in the 
browser. Learn more at https://reactjs.org/link/wrap-tests-with-act
    at AdminEditAnnouncementsPage (C:\Users\ivyho\OneDrive\Desktop\happycows_cs
156\proj-happycows\frontend\src\main\pages\AdminEditAnnouncementsPage.jsx:23:71
)
    at Router (C:\Users\ivyho\OneDrive\Desktop\happycows_cs156\proj-happycows\f
rontend\node_modules\react-router\dist\development\chunk-CSDGKXLR.js:439:13)
    at MemoryRouter (C:\Users\ivyho\OneDrive\Desktop\happycows_cs156\proj-happy
cows\frontend\node_modules\react-router\dist\development\chunk-CSDGKXLR.js:361:
3)
    at QueryClientProvider (C:\Users\ivyho\OneDrive\Desktop\happycows_cs156\pro
j-happycows\frontend\node_modules\react-query\lib\react\QueryClientProvider.js:
45:21)

(node:15792) TimeoutNaNWarning: NaN is not a number.
Timeout duration was set to 1.
(Use `node --trace-warnings ...` to show where the warning was created)
 [32mΓ£ô[39m src/tests/pages/AdminEditAnnouncementsPage.test.jsx [2m([22m[2m9 tests[22m[2m)[22m[33m 1932[2mms[22m[39m
   [33m[2mΓ£ô[22m[39m AdminEditAnnouncementsPage tests[2m > [22mrenders page without crashing [33m 500[2mms[22m[39m
   [33m[2mΓ£ô[22m[39m AdminEditAnnouncementsPage tests[2m > [22mform is pre-populated with announcement data [33m 556[2mms[22m[39m
[90mstderr[2m | src/tests/pages/PlayPage.test.jsx[2m > [22m[2mPlayPage 
tests[2m > [22m[2mrenders without crashing
[22m[39mWarning: validateDOMNesting(...): <ul> cannot appear as a descendant 
of <p>.
    at ul
    at p
    at div
    at C:\Users\ivyho\OneDrive\Desktop\happycows_cs156\proj-happycows\frontend\
node_modules\react-bootstrap\cjs\CardBody.js:14:3
    at div
    at C:\Users\ivyho\OneDrive\Desktop\happycows_cs156\proj-happycows\frontend\
node_modules\react-bootstrap\cjs\Card.js:23:3
    at ManageCows (C:\Users\ivyho\OneDrive\Desktop\happycows_cs156\proj-happyco
ws\frontend\src\main\components\Commons\ManageCows.jsx:13:23)
    at div
    at C:\Users\ivyho\OneDrive\Desktop\happycows_cs156\proj-happycows\frontend\
node_modules\react-bootstrap\cjs\CardGroup.js:14:3
    at div
    at C:\Users\ivyho\OneDrive\Desktop\happycows_cs156\proj-happycows\frontend\
node_modules\react-bootstrap\cjs\Container.js:14:3
    at div
    at C:\Users\ivyho\OneDrive\Desktop\happycows_cs156\proj-happycows\frontend\
node_modules\react-bootstrap\cjs\Container.js:14:3
    at div
    at BasicLayout (C:\Users\ivyho\OneDrive\Desktop\happycows_cs156\proj-happyc
ows\frontend\src\main\layouts\BasicLayout\BasicLayout.jsx:14:24)
    at div
    at PlayPage (C:\Users\ivyho\OneDrive\Desktop\happycows_cs156\proj-happycows
\frontend\src\main\pages\PlayPage.jsx:36:76)
    at Router (C:\Users\ivyho\OneDrive\Desktop\happycows_cs156\proj-happycows\f
rontend\node_modules\react-router\dist\development\chunk-CSDGKXLR.js:439:13)
    at MemoryRouter (C:\Users\ivyho\OneDrive\Desktop\happycows_cs156\proj-happy
cows\frontend\node_modules\react-router\dist\development\chunk-CSDGKXLR.js:361:
3)
    at QueryClientProvider (C:\Users\ivyho\OneDrive\Desktop\happycows_cs156\pro
j-happycows\frontend\node_modules\react-query\lib\react\QueryClientProvider.js:
45:21)

 [32mΓ£ô[39m src/tests/components/Users/UsersTable.test.jsx [2m([22m[2m11 tests[22m[2m)[22m[33m 4655[2mms[22m[39m
   [33m[2mΓ£ô[22m[39m UserTable tests[2m > [22mrenders without crashing for empty table [33m 440[2mms[22m[39m
   [33m[2mΓ£ô[22m[39m Modal tests[2m > [22mClicking Suspend button opens the modal for suspendUser [33m 1337[2mms[22m[39m
   [33m[2mΓ£ô[22m[39m Modal tests[2m > [22mClicking confirm suspend button calls suspendUser [33m 410[2mms[22m[39m
   [33m[2mΓ£ô[22m[39m Modal tests[2m > [22mPressing the escape key on the suspended modal cancels the suspension [33m 475[2mms[22m[39m
   [33m[2mΓ£ô[22m[39m Modal tests[2m > [22mClicking confirm restore button calls restoreUser [33m 424[2mms[22m[39m
   [33m[2mΓ£ô[22m[39m Modal tests[2m > [22mPressing the cancel button on the suspended modal cancels the restoration [33m 551[2mms[22m[39m
[90mstdout[2m | src/tests/pages/AdminAnnouncementsPage.test.jsx[2m > [22m[2mAdminAnnouncementsPage tests[2m > [22m[2madmin can delete an announcement
[22m[39m{
  id: [33m1[39m,
  commonsId: [33m1[39m,
  startDate: [32m'2024-12-12T00:00:00'[39m,
  endDate: [32m'2025-12-12T00:00:00'[39m,
  announcementText: [32m'System maintenance scheduled for next week.'[39m
}

 [32mΓ£ô[39m src/tests/pages/AdminAnnouncementsPage.test.jsx [2m([22m[2m5 tests[22m[2m)[22m[33m 2734[2mms[22m[39m
   [33m[2mΓ£ô[22m[39m AdminAnnouncementsPage tests[2m > [22mrenders page without crashing [33m 1139[2mms[22m[39m
   [33m[2mΓ£ô[22m[39m AdminAnnouncementsPage tests[2m > [22mrenders announcements table with data from the API [33m 358[2mms[22m[39m
   [33m[2mΓ£ô[22m[39m AdminAnnouncementsPage tests[2m > [22madmin can delete an announcement [33m 809[2mms[22m[39m
[90mstderr[2m | src/tests/pages/AdminViewPlayPage.test.jsx[2m > 
[22m[2mAdminViewPlayPage tests[2m > [22m[2mdisplays read-only banner
[22m[39mTypeError: __vite_ssr_import_2__.toast.error is not a function
    at Object.queryFn [90m(C:\Users\ivyho\OneDrive\Desktop\happycows_cs156\pro
j-happycows\frontend\[39msrc\main\utils\useBackend.js:41:17[90m)[39m

[90mstderr[2m | src/tests/pages/AdminViewPlayPage.test.jsx[2m > 
[22m[2mAdminViewPlayPage tests[2m > [22m[2mdisplays read-only banner
[22m[39mTypeError: __vite_ssr_import_2__.toast.error is not a function
    at Object.queryFn [90m(C:\Users\ivyho\OneDrive\Desktop\happycows_cs156\pro
j-happycows\frontend\[39msrc\main\utils\useBackend.js:41:17[90m)[39m

(node:14176) TimeoutNaNWarning: NaN is not a number.
Timeout duration was set to 1.
(Use `node --trace-warnings ...` to show where the warning was created)
 [32mΓ£ô[39m src/tests/components/Jobs/PagedJobsTable.test.jsx [2m([22m[2m3 tests[22m[2m)[22m[33m 3115[2mms[22m[39m
   [33m[2mΓ£ô[22m[39m PagedJobsTable tests[2m > [22mrenders correct content [33m 807[2mms[22m[39m
   [33m[2mΓ£ô[22m[39m PagedJobsTable tests[2m > [22mrenders correct content with multiple pages [33m 2186[2mms[22m[39m
[90mstderr[2m | src/tests/pages/PlayPage.test.jsx[2m > [22m[2mPlayPage 
tests[2m > [22m[2mclick sell button
[22m[39mWarning: An update to PlayPage inside a test was not wrapped in 
act(...).

When testing, code that causes React state updates should be wrapped into 
act(...):

act(() => {
  /* fire events that update state */
});
/* assert on the output */

This ensures that you're testing the behavior the user would see in the 
browser. Learn more at https://reactjs.org/link/wrap-tests-with-act
    at PlayPage (C:\Users\ivyho\OneDrive\Desktop\happycows_cs156\proj-happycows
\frontend\src\main\pages\PlayPage.jsx:36:76)
    at Router (C:\Users\ivyho\OneDrive\Desktop\happycows_cs156\proj-happycows\f
rontend\node_modules\react-router\dist\development\chunk-CSDGKXLR.js:439:13)
    at MemoryRouter (C:\Users\ivyho\OneDrive\Desktop\happycows_cs156\proj-happy
cows\frontend\node_modules\react-router\dist\development\chunk-CSDGKXLR.js:361:
3)
    at QueryClientProvider (C:\Users\ivyho\OneDrive\Desktop\happycows_cs156\pro
j-happycows\frontend\node_modules\react-query\lib\react\QueryClientProvider.js:
45:21)

 [32mΓ£ô[39m src/tests/pages/AdminViewPlayPage.test.jsx [2m([22m[2m8 tests[22m[2m)[22m[33m 3637[2mms[22m[39m
   [33m[2mΓ£ô[22m[39m AdminViewPlayPage tests[2m > [22mMake sure that both the Announcements and Welcome Farmer components show up [33m 815[2mms[22m[39m
   [33m[2mΓ£ô[22m[39m AdminViewPlayPage tests[2m > [22mChat toggle button opens and closes the ChatPanel [33m 659[2mms[22m[39m
   [33m[2mΓ£ô[22m[39m AdminViewPlayPage tests[2m > [22mChat button and container have correct styles [33m 769[2mms[22m[39m
   [33m[2mΓ£ô[22m[39m AdminViewPlayPage tests[2m > [22mrenders when userCommons is truthy and commonsPlus is falsy [33m 361[2mms[22m[39m
 [32mΓ£ô[39m src/tests/components/OurTable.test.jsx [2m([22m[2m13 tests[22m[2m)[22m[33m 8890[2mms[22m[39m
   [33m[2mΓ£ô[22m[39m OurTable tests[2m > [22mbutton appears in the table and triggers callback on click [33m 472[2mms[22m[39m
   [33m[2mΓ£ô[22m[39m OurTable tests[2m > [22mclick on a header and a sort caret should appear [33m 473[2mms[22m[39m
   [33m[2mΓ£ô[22m[39m OurTable tests[2m > [22mrenders a table with 10 rows and tests that pagination isn't visible when there are exactly as many rows as rows per page [33m 593[2mms[22m[39m
   [33m[2mΓ£ô[22m[39m OurTable tests[2m > [22mrenders a table with 11 rows and clicks on the next page button and previous page button [33m 1758[2mms[22m[39m
   [33m[2mΓ£ô[22m[39m OurTable tests[2m > [22mrenders a table with 51 rows and tests the first page [33m 430[2mms[22m[39m
   [33m[2mΓ£ô[22m[39m OurTable tests[2m > [22mrenders a table with 51 rows and tests moving forward and back one page [33m 1480[2mms[22m[39m
   [33m[2mΓ£ô[22m[39m OurTable tests[2m > [22mrenders a table with 51 rows and tests the first and last page buttons [33m 837[2mms[22m[39m
   [33m[2mΓ£ô[22m[39m OurTable tests[2m > [22mrenders a table with 51 rows and moving forward and back two pages [33m 1573[2mms[22m[39m
   [33m[2mΓ£ô[22m[39m OurTable tests[2m > [22mrenders a table with 41 rows and moving forward and back three pages [33m 700[2mms[22m[39m
[90mstderr[2m | src/tests/pages/PlayPage.test.jsx[2m > [22m[2mPlayPage 
tests[2m > [22m[2mShows chat button for admins if showChat is false
[22m[39mTypeError: __vite_ssr_import_2__.toast.error is not a function
    at Object.queryFn [90m(C:\Users\ivyho\OneDrive\Desktop\happycows_cs156\pro
j-happycows\frontend\[39msrc\main\utils\useBackend.js:41:17[90m)[39m
[90m    at runNextTicks (node:internal/process/task_queues:64:5)[39m
[90m    at processTimers (node:internal/timers:538:9)[39m

[90mstderr[2m | src/tests/pages/PlayPage.test.jsx[2m > [22m[2mPlayPage 
tests[2m > [22m[2mShows chat button for admins if showChat is false
[22m[39mTypeError: __vite_ssr_import_2__.toast.error is not a function
    at Object.queryFn [90m(C:\Users\ivyho\OneDrive\Desktop\happycows_cs156\pro
j-happycows\frontend\[39msrc\main\utils\useBackend.js:41:17[90m)[39m
[90m    at runNextTicks (node:internal/process/task_queues:64:5)[39m
[90m    at processTimers (node:internal/timers:538:9)[39m

 [32mΓ£ô[39m src/tests/pages/AdminJobsPage.test.jsx [2m([22m[2m10 tests[22m[2m)[22m[33m 9904[2mms[22m[39m
   [33m[2mΓ£ô[22m[39m AdminJobsPage tests[2m > [22mrenders without crashing [33m 2567[2mms[22m[39m
   [33m[2mΓ£ô[22m[39m AdminJobsPage tests[2m > [22muser can submit a test job [33m 1637[2mms[22m[39m
   [33m[2mΓ£ô[22m[39m AdminJobsPage tests[2m > [22muser can submit a set cow health job [33m 776[2mms[22m[39m
   [33m[2mΓ£ô[22m[39m AdminJobsPage tests[2m > [22muser can submit update cow health job [33m 502[2mms[22m[39m
   [33m[2mΓ£ô[22m[39m AdminJobsPage tests[2m > [22muser can submit update cow health job for all commons [33m 1114[2mms[22m[39m
   [33m[2mΓ£ô[22m[39m AdminJobsPage tests[2m > [22muser can submit milk the cows job [33m 632[2mms[22m[39m
   [33m[2mΓ£ô[22m[39m AdminJobsPage tests[2m > [22muser can submit milk the cows job for all commons [33m 640[2mms[22m[39m
   [33m[2mΓ£ô[22m[39m AdminJobsPage tests[2m > [22muser can submit instructor report job [33m 449[2mms[22m[39m
   [33m[2mΓ£ô[22m[39m AdminJobsPage tests[2m > [22muser can submit instructor report (specific commons) job [33m 836[2mms[22m[39m
   [33m[2mΓ£ô[22m[39m AdminJobsPage tests[2m > [22muser can submit record common stats job [33m 743[2mms[22m[39m
 [32mΓ£ô[39m src/tests/pages/PlayPage.test.jsx [2m([22m[2m16 tests[22m[2m)[22m[33m 7498[2mms[22m[39m
   [33m[2mΓ£ô[22m[39m PlayPage tests[2m > [22mrenders without crashing [33m 1273[2mms[22m[39m
   [33m[2mΓ£ô[22m[39m PlayPage tests[2m > [22mcannot join hidden commons [33m 381[2mms[22m[39m
   [33m[2mΓ£ô[22m[39m PlayPage tests[2m > [22mclick buy button [33m 1530[2mms[22m[39m
   [33m[2mΓ£ô[22m[39m PlayPage tests[2m > [22mclick sell button [33m 778[2mms[22m[39m
   [33m[2mΓ£ô[22m[39m PlayPage tests[2m > [22mMake sure that both the Announcements and Welcome Farmer components show up [33m 432[2mms[22m[39m
   [33m[2mΓ£ô[22m[39m PlayPage tests[2m > [22mChat toggle button opens and closes the ChatPanel [33m 550[2mms[22m[39m
   [33m[2mΓ£ô[22m[39m PlayPage tests[2m > [22mChat button and container have correct styles [33m 351[2mms[22m[39m
   [33m[2mΓ£ô[22m[39m PlayPage tests[2m > [22mUser not allowed to access a commons that does not exist [33m 860[2mms[22m[39m
 [32mΓ£ô[39m src/tests/components/Leaderboard/LeaderboardTable.test.jsx [2m([22m[2m7 tests[22m[2m)[22m[33m 920[2mms[22m[39m
 [32mΓ£ô[39m src/tests/pages/ChatHistoryPage.test.jsx [2m([22m[2m34 tests[22m[2m)[22m[33m 1110[2mms[22m[39m
[90mstderr[2m | src/tests/pages/AdminViewReportPage.test.jsx[2m > 
[22m[2mAdminViewReportPage tests[2m > [22m[2mback to reports button 
navigates correctly
[22m[39mAxiosError: Request failed with status code 404
    at AxiosError.from [90m(C:\Users\ivyho\OneDrive\Desktop\happycows_cs156\pr
oj-happycows\frontend\[39mnode_modules\[4maxios[24m\lib\core\AxiosError.js:9
2:14[90m)[39m
    at createAxiosError [90m(C:\Users\ivyho\OneDrive\Desktop\happycows_cs156\p
roj-happycows\frontend\[39mnode_modules\[4maxios-mock-adapter[24m\src\utils.
js:161:29[90m)[39m
    at Object.settle [90m(C:\Users\ivyho\OneDrive\Desktop\happycows_cs156\proj
-happycows\frontend\[39mnode_modules\[4maxios-mock-adapter[24m\src\utils.js:
150:11[90m)[39m
    at Axios.request [90m(file:///C:/Users/ivyho/OneDrive/Desktop/happycows_cs
156/proj-happycows/frontend/[39mnode_modules/[4maxios[24m/lib/core/Axios.js:
45:41[90m)[39m
    at Object.queryFn [90m(C:\Users\ivyho\OneDrive\Desktop\happycows_cs156\pro
j-happycows\frontend\[39msrc\main\utils\useBackend.js:33:26[90m)[39m {
  config: {
    transitional: {
      silentJSONParsing: [33mtrue[39m,
      forcedJSONParsing: [33mtrue[39m,
      clarifyTimeoutError: [33mfalse[39m
    },
    transformRequest: [ [36m[Function: transformRequest][39m ],
    transformResponse: [ [36m[Function: transformResponse][39m ],
    timeout: [33m0[39m,
    xsrfCookieName: [32m'XSRF-TOKEN'[39m,
    xsrfHeaderName: [32m'X-XSRF-TOKEN'[39m,
    maxContentLength: [33m-1[39m,
    maxBodyLength: [33m-1[39m,
    env: { FormData: [36m[Function [FormData]][39m, Blob: [36m[class 
Blob][39m },
    validateStatus: [36m[Function: validateStatus][39m,
    headers: Object [AxiosHeaders] {
      Accept: [32m'application/json, text/plain, */*'[39m,
      [32m'Content-Type'[39m: [90mundefined[39m
    },
    method: [32m'get'[39m,
    url: [32m'/api/reports/lines'[39m,
    params: { reportId: [33m17[39m },
    allowAbsoluteUrls: [33mtrue[39m,
    data: [90mundefined[39m
  },
  response: {
    status: [33m404[39m,
    data: [90mundefined[39m,
    headers: Object [AxiosHeaders] {},
    config: {
      transitional: [36m[Object][39m,
      transformRequest: [36m[Array][39m,
      transformResponse: [36m[Array][39m,
      timeout: [33m0[39m,
      xsrfCookieName: [32m'XSRF-TOKEN'[39m,
      xsrfHeaderName: [32m'X-XSRF-TOKEN'[39m,
      maxContentLength: [33m-1[39m,
      maxBodyLength: [33m-1[39m,
      env: [36m[Object][39m,
      validateStatus: [36m[Function: validateStatus][39m,
      headers: [36m[Object [AxiosHeaders]][39m,
      method: [32m'get'[39m,
      url: [32m'/api/reports/lines'[39m,
      params: [36m[Object][39m,
      allowAbsoluteUrls: [33mtrue[39m,
      data: [90mundefined[39m
    },
    request: { responseURL: [32m'/api/reports/lines'[39m }
  },
  status: [33m404[39m,
  cause: Error: Request failed with status code 404
      at createAxiosError [90m(C:\Users\ivyho\OneDrive\Desktop\happycows_cs156
\proj-happycows\frontend\[39mnode_modules\[4maxios-mock-adapter[24m\src\util
s.js:161:34[90m)[39m
      at Object.settle [90m(C:\Users\ivyho\OneDrive\Desktop\happycows_cs156\pr
oj-happycows\frontend\[39mnode_modules\[4maxios-mock-adapter[24m\src\utils.j
s:150:11[90m)[39m
}

[90mstderr[2m | src/tests/pages/AdminViewReportPage.test.jsx[2m > 
[22m[2mAdminViewReportPage tests[2m > [22m[2mCSV button has correct 
address
[22m[39mAxiosError: Request failed with status code 404
    at AxiosError.from [90m(C:\Users\ivyho\OneDrive\Desktop\happycows_cs156\pr
oj-happycows\frontend\[39mnode_modules\[4maxios[24m\lib\core\AxiosError.js:9
2:14[90m)[39m
    at createAxiosError [90m(C:\Users\ivyho\OneDrive\Desktop\happycows_cs156\p
roj-happycows\frontend\[39mnode_modules\[4maxios-mock-adapter[24m\src\utils.
js:161:29[90m)[39m
    at Object.settle [90m(C:\Users\ivyho\OneDrive\Desktop\happycows_cs156\proj
-happycows\frontend\[39mnode_modules\[4maxios-mock-adapter[24m\src\utils.js:
150:11[90m)[39m
    at Axios.request [90m(file:///C:/Users/ivyho/OneDrive/Desktop/happycows_cs
156/proj-happycows/frontend/[39mnode_modules/[4maxios[24m/lib/core/Axios.js:
45:41[90m)[39m
    at Object.queryFn [90m(C:\Users\ivyho\OneDrive\Desktop\happycows_cs156\pro
j-happycows\frontend\[39msrc\main\utils\useBackend.js:33:26[90m)[39m {
  config: {
    transitional: {
      silentJSONParsing: [33mtrue[39m,
      forcedJSONParsing: [33mtrue[39m,
      clarifyTimeoutError: [33mfalse[39m
    },
    transformRequest: [ [36m[Function: transformRequest][39m ],
    transformResponse: [ [36m[Function: transformResponse][39m ],
    timeout: [33m0[39m,
    xsrfCookieName: [32m'XSRF-TOKEN'[39m,
    xsrfHeaderName: [32m'X-XSRF-TOKEN'[39m,
    maxContentLength: [33m-1[39m,
    maxBodyLength: [33m-1[39m,
    env: { FormData: [36m[Function [FormData]][39m, Blob: [36m[class 
Blob][39m },
    validateStatus: [36m[Function: validateStatus][39m,
    headers: Object [AxiosHeaders] {
      Accept: [32m'application/json, text/plain, */*'[39m,
      [32m'Content-Type'[39m: [90mundefined[39m
    },
    method: [32m'get'[39m,
    url: [32m'/api/reports/lines'[39m,
    params: { reportId: [33m17[39m },
    allowAbsoluteUrls: [33mtrue[39m,
    data: [90mundefined[39m
  },
  response: {
    status: [33m404[39m,
    data: [90mundefined[39m,
    headers: Object [AxiosHeaders] {},
    config: {
      transitional: [36m[Object][39m,
      transformRequest: [36m[Array][39m,
      transformResponse: [36m[Array][39m,
      timeout: [33m0[39m,
      xsrfCookieName: [32m'XSRF-TOKEN'[39m,
      xsrfHeaderName: [32m'X-XSRF-TOKEN'[39m,
      maxContentLength: [33m-1[39m,
      maxBodyLength: [33m-1[39m,
      env: [36m[Object][39m,
      validateStatus: [36m[Function: validateStatus][39m,
      headers: [36m[Object [AxiosHeaders]][39m,
      method: [32m'get'[39m,
      url: [32m'/api/reports/lines'[39m,
      params: [36m[Object][39m,
      allowAbsoluteUrls: [33mtrue[39m,
      data: [90mundefined[39m
    },
    request: { responseURL: [32m'/api/reports/lines'[39m }
  },
  status: [33m404[39m,
  cause: Error: Request failed with status code 404
      at createAxiosError [90m(C:\Users\ivyho\OneDrive\Desktop\happycows_cs156
\proj-happycows\frontend\[39mnode_modules\[4maxios-mock-adapter[24m\src\util
s.js:161:34[90m)[39m
      at Object.settle [90m(C:\Users\ivyho\OneDrive\Desktop\happycows_cs156\pr
oj-happycows\frontend\[39mnode_modules\[4maxios-mock-adapter[24m\src\utils.j
s:150:11[90m)[39m
}

 [32mΓ£ô[39m src/tests/pages/AdminViewReportPage.test.jsx [2m([22m[2m3 tests[22m[2m)[22m[33m 1064[2mms[22m[39m
   [33m[2mΓ£ô[22m[39m AdminViewReportPage tests[2m > [22mrenders correctly for admin user [33m 694[2mms[22m[39m
 [32mΓ£ô[39m src/tests/components/Chat/ChatPanel.test.jsx [2m([22m[2m1 test[22m[2m)[22m[33m 448[2mms[22m[39m
   [33m[2mΓ£ô[22m[39m ChatPanel[2m > [22mrenders empty ChatMessageCreate and ChatDisplay [33m 440[2mms[22m[39m
 [32mΓ£ô[39m src/tests/components/Jobs/SetCowHealthForm.test.jsx [2m([22m[2m11 tests[22m[2m)[22m[33m 1139[2mms[22m[39m
 [32mΓ£ô[39m src/tests/components/Courses/CoursesTable.test.jsx [2m([22m[2m8 tests[22m[2m)[22m[33m 1694[2mms[22m[39m
   [33m[2mΓ£ô[22m[39m CoursesTable tests[2m > [22mHas the expected column headers and content for ordinary user [33m 415[2mms[22m[39m
   [33m[2mΓ£ô[22m[39m CoursesTable tests[2m > [22mHides action buttons when currentUser is null [33m 649[2mms[22m[39m
 [32mΓ£ô[39m src/tests/components/Jobs/MilkCowsJobForm.test.jsx [2m([22m[2m3 tests[22m[2m)[22m[33m 1038[2mms[22m[39m
   [33m[2mΓ£ô[22m[39m MilkTheCowsForm tests[2m > [22muser can sucessfully submit the job [33m 851[2mms[22m[39m
 [32mΓ£ô[39m src/tests/components/Announcement/AnnouncementsTable.test.jsx [2m([22m[2m6 tests[22m[2m)[22m[33m 958[2mms[22m[39m
   [33m[2mΓ£ô[22m[39m AnnouncementTable tests[2m > [22mHas the expected column headers, content and buttons for admin user [33m 404[2mms[22m[39m
 [32mΓ£ô[39m src/tests/pages/NotFoundPage.test.jsx [2m([22m[2m1 test[22m[2m)[22m[32m 225[2mms[22m[39m
 [32mΓ£ô[39m src/tests/components/Commons/PagedProfitsTable.test.jsx [2m([22m[2m3 tests[22m[2m)[22m[33m 1233[2mms[22m[39m
   [33m[2mΓ£ô[22m[39m PagedProfitsTable tests[2m > [22mrenders correct content [33m 532[2mms[22m[39m
   [33m[2mΓ£ô[22m[39m PagedProfitsTable tests[2m > [22mrenders correct content with multiple pages [33m 581[2mms[22m[39m
 [32mΓ£ô[39m src/tests/components/Commons/CommonsFeaturesForm.test.jsx [2m([22m[2m9 tests[22m[2m)[22m[33m 506[2mms[22m[39m
 [32mΓ£ô[39m src/tests/pages/ProfilePage.test.jsx [2m([22m[2m2 tests[22m[2m)[22m[33m 1282[2mms[22m[39m
   [33m[2mΓ£ô[22m[39m ProfilePage tests[2m > [22mrenders correctly for regular logged in user [33m 630[2mms[22m[39m
   [33m[2mΓ£ô[22m[39m ProfilePage tests[2m > [22mrenders correctly for admin user from UCSB [33m 644[2mms[22m[39m
[90mstderr[2m | src/tests/pages/AdminReportsPage.test.jsx[2m > 
[22m[2mAdminReportsPage tests[2m > [22m[2mrenders correctly for admin user
[22m[39mAxiosError: Request failed with status code 404
    at AxiosError.from [90m(C:\Users\ivyho\OneDrive\Desktop\happycows_cs156\pr
oj-happycows\frontend\[39mnode_modules\[4maxios[24m\lib\core\AxiosError.js:9
2:14[90m)[39m
    at createAxiosError [90m(C:\Users\ivyho\OneDrive\Desktop\happycows_cs156\p
roj-happycows\frontend\[39mnode_modules\[4maxios-mock-adapter[24m\src\utils.
js:161:29[90m)[39m
    at Object.settle [90m(C:\Users\ivyho\OneDrive\Desktop\happycows_cs156\proj
-happycows\frontend\[39mnode_modules\[4maxios-mock-adapter[24m\src\utils.js:
150:11[90m)[39m
[90m    at processTicksAndRejections 
(node:internal/process/task_queues:103:5)[39m
    at Axios.request [90m(file:///C:/Users/ivyho/OneDrive/Desktop/happycows_cs
156/proj-happycows/frontend/[39mnode_modules/[4maxios[24m/lib/core/Axios.js:
45:41[90m)[39m
[90m    at processTicksAndRejections 
(node:internal/process/task_queues:103:5)[39m
    at Object.queryFn [90m(C:\Users\ivyho\OneDrive\Desktop\happycows_cs156\pro
j-happycows\frontend\[39msrc\main\utils\useBackend.js:33:26[90m)[39m {
  config: {
    transitional: {
      silentJSONParsing: [33mtrue[39m,
      forcedJSONParsing: [33mtrue[39m,
      clarifyTimeoutError: [33mfalse[39m
    },
    transformRequest: [ [36m[Function: transformRequest][39m ],
    transformResponse: [ [36m[Function: transformResponse][39m ],
    timeout: [33m0[39m,
    xsrfCookieName: [32m'XSRF-TOKEN'[39m,
    xsrfHeaderName: [32m'X-XSRF-TOKEN'[39m,
    maxContentLength: [33m-1[39m,
    maxBodyLength: [33m-1[39m,
    env: { FormData: [36m[Function [FormData]][39m, Blob: [36m[class 
Blob][39m },
    validateStatus: [36m[Function: validateStatus][39m,
    headers: Object [AxiosHeaders] {
      Accept: [32m'application/json, text/plain, */*'[39m,
      [32m'Content-Type'[39m: [90mundefined[39m
    },
    method: [32m'get'[39m,
    url: [32m'/api/reports'[39m,
    allowAbsoluteUrls: [33mtrue[39m,
    data: [90mundefined[39m
  },
  response: {
    status: [33m404[39m,
    data: [90mundefined[39m,
    headers: Object [AxiosHeaders] {},
    config: {
      transitional: [36m[Object][39m,
      transformRequest: [36m[Array][39m,
      transformResponse: [36m[Array][39m,
      timeout: [33m0[39m,
      xsrfCookieName: [32m'XSRF-TOKEN'[39m,
      xsrfHeaderName: [32m'X-XSRF-TOKEN'[39m,
      maxContentLength: [33m-1[39m,
      maxBodyLength: [33m-1[39m,
      env: [36m[Object][39m,
      validateStatus: [36m[Function: validateStatus][39m,
      headers: [36m[Object [AxiosHeaders]][39m,
      method: [32m'get'[39m,
      url: [32m'/api/reports'[39m,
      allowAbsoluteUrls: [33mtrue[39m,
      data: [90mundefined[39m
    },
    request: { responseURL: [32m'/api/reports'[39m }
  },
  status: [33m404[39m,
  cause: Error: Request failed with status code 404
      at createAxiosError [90m(C:\Users\ivyho\OneDrive\Desktop\happycows_cs156
\proj-happycows\frontend\[39mnode_modules\[4maxios-mock-adapter[24m\src\util
s.js:161:34[90m)[39m
      at Object.settle [90m(C:\Users\ivyho\OneDrive\Desktop\happycows_cs156\pr
oj-happycows\frontend\[39mnode_modules\[4maxios-mock-adapter[24m\src\utils.j
s:150:11[90m)[39m
  [90m    at processTicksAndRejections 
(node:internal/process/task_queues:103:5)[39m
}

 [32mΓ£ô[39m src/tests/pages/AdminReportsPage.test.jsx [2m([22m[2m1 test[22m[2m)[22m[33m 489[2mms[22m[39m
   [33m[2mΓ£ô[22m[39m AdminReportsPage tests[2m > [22mrenders correctly for admin user [33m 479[2mms[22m[39m
 [32mΓ£ô[39m src/tests/components/Reports/ReportLineTable.test.jsx [2m([22m[2m2 tests[22m[2m)[22m[33m 640[2mms[22m[39m
   [33m[2mΓ£ô[22m[39m ReportLineTable tests[2m > [22mHas the expected column headers and content [33m 404[2mms[22m[39m
 [32mΓ£ô[39m src/tests/pages/LeaderboardPage.test.jsx [2m([22m[2m5 tests[22m[2m)[22m[33m 1238[2mms[22m[39m
   [33m[2mΓ£ô[22m[39m LeaderboardPage tests[2m > [22mrenders without crashing for users [33m 538[2mms[22m[39m
 [32mΓ£ô[39m src/tests/components/Commons/CommonsCard.test.jsx [2m([22m[2m16 tests[22m[2m)[22m[33m 841[2mms[22m[39m
   [33m[2mΓ£ô[22m[39m CommonsCard tests[2m > [22mrenders without crashing when button text is set [33m 554[2mms[22m[39m
 [32mΓ£ô[39m src/tests/pages/AdminListCommonsPageV2.test.jsx [2m([22m[2m4 tests[22m[2m)[22m[33m 1288[2mms[22m[39m
   [33m[2mΓ£ô[22m[39m AdminListCommonPageV2 tests[2m > [22mrenders three commons without crashing for admin user [33m 611[2mms[22m[39m
   [33m[2mΓ£ô[22m[39m AdminListCommonPageV2 tests[2m > [22mrenders empty state when backend unavailable, user only [33m 348[2mms[22m[39m
 [32mΓ£ô[39m src/tests/components/Chat/ChatMessageCreate.test.jsx [2m([22m[2m4 tests[22m[2m)[22m[33m 815[2mms[22m[39m
   [33m[2mΓ£ô[22m[39m ChatMessageCreate[2m > [22mrenders without crashing [33m 336[2mms[22m[39m
 [32mΓ£ô[39m src/tests/components/Reports/ReportHeaderTable.test.jsx [2m([22m[2m2 tests[22m[2m)[22m[33m 621[2mms[22m[39m
   [33m[2mΓ£ô[22m[39m ReportHeaderTable tests[2m > [22mHas the expected column headers and content [33m 337[2mms[22m[39m
 [32mΓ£ô[39m src/tests/components/Reports/ReportTable.test.jsx [2m([22m[2m4 tests[22m[2m)[22m[33m 918[2mms[22m[39m
   [33m[2mΓ£ô[22m[39m ReportTable tests[2m > [22mHas the expected column headers and content [33m 472[2mms[22m[39m
   [33m[2mΓ£ô[22m[39m ReportTable tests[2m > [22mHas all numeric values right-justified [33m 334[2mms[22m[39m
 [32mΓ£ô[39m src/tests/components/Nav/AppNavbar.test.jsx [2m([22m[2m7 tests[22m[2m)[22m[33m 990[2mms[22m[39m
 [32mΓ£ô[39m src/tests/components/Courses/CoursesForm.test.jsx [2m([22m[2m4 tests[22m[2m)[22m[33m 696[2mms[22m[39m
 [32mΓ£ô[39m src/tests/pages/AdminUsersPage.test.jsx [2m([22m[2m1 test[22m[2m)[22m[33m 927[2mms[22m[39m
   [33m[2mΓ£ô[22m[39m AdminUsersPage tests[2m > [22mrenders without crashing on two users [33m 917[2mms[22m[39m
 [32mΓ£ô[39m src/tests/components/Chat/ChatMessageDisplay.test.jsx [2m([22m[2m5 tests[22m[2m)[22m[33m 1464[2mms[22m[39m
   [33m[2mΓ£ô[22m[39m ChatMessageDisplay tests[2m > [22mrenders correct content with username [33m 488[2mms[22m[39m
   [33m[2mΓ£ô[22m[39m ChatMessageDisplay tests[2m > [22mrenders correct content with empty username [33m 338[2mms[22m[39m
   [33m[2mΓ£ô[22m[39m ChatMessageDisplay tests[2m > [22mcurrent user message [33m 313[2mms[22m[39m
 [32mΓ£ô[39m src/tests/components/Commons/CommonsList.test.jsx [2m([22m[2m4 tests[22m[2m)[22m[33m 446[2mms[22m[39m
 [32mΓ£ô[39m src/tests/pages/DeveloperPage.test.jsx [2m([22m[2m1 test[22m[2m)[22m[33m 793[2mms[22m[39m
   [33m[2mΓ£ô[22m[39m DeveloperPage tests[2m > [22mDeveloper Page has expected info [33m 786[2mms[22m[39m
 [32mΓ£ô[39m src/tests/components/Jobs/TestJobsForm.test.jsx [2m([22m[2m4 tests[22m[2m)[22m[33m 395[2mms[22m[39m
 [32mΓ£ô[39m src/tests/components/Jobs/RecordCommonStatsForm.test.jsx [2m([22m[2m9 tests[22m[2m)[22m[33m 327[2mms[22m[39m
 [32mΓ£ô[39m src/tests/components/Jobs/UpdateCowHealthForm.test.jsx [2m([22m[2m3 tests[22m[2m)[22m[33m 418[2mms[22m[39m
   [33m[2mΓ£ô[22m[39m UpdateCowHealthForm tests[2m > [22muser can sucessfully submit the job [33m 338[2mms[22m[39m
 [32mΓ£ô[39m src/tests/components/Commons/Profits.test.jsx [2m([22m[2m1 test[22m[2m)[22m[33m 407[2mms[22m[39m
   [33m[2mΓ£ô[22m[39m Profits tests[2m > [22mrenders properly when profits is not given [33m 401[2mms[22m[39m
[90mstderr[2m | VirtualConsole.<anonymous> (C:\Users\ivyho\OneDrive\Desktop\h
appycows_cs156\proj-happycows\frontend\node_modules\jsdom\lib\jsdom\virtual-con
sole.js:29:45)
[22m[39mError: AggregateError
    at Object.dispatchError (C:\Users\ivyho\OneDrive\Desktop\happycows_cs156\pr
oj-happycows\frontend\node_modules\jsdom\lib\jsdom\living\xhr\xhr-utils.js:63:1
9)
    at Request.<anonymous> (C:\Users\ivyho\OneDrive\Desktop\happycows_cs156\pro
j-happycows\frontend\node_modules\jsdom\lib\jsdom\living\xhr\XMLHttpRequest-imp
l.js:655:18)
    at Request.emit (node:events:520:35)
    at ClientRequest.<anonymous> (C:\Users\ivyho\OneDrive\Desktop\happycows_cs1
56\proj-happycows\frontend\node_modules\jsdom\lib\jsdom\living\helpers\http-req
uest.js:121:14)
    at ClientRequest.emit (node:events:508:28)
    at emitErrorEvent (node:_http_client:108:11)
    at Socket.socketErrorListener (node:_http_client:575:5)
    at Socket.emit (node:events:508:28)
    at emitErrorNT (node:internal/streams/destroy:170:8)
    at emitErrorCloseNT (node:internal/streams/destroy:129:3) 
[90mundefined[39m

[90mstderr[2m | Object.onError (C:\Users\ivyho\OneDrive\Desktop\happycows_cs1
56\proj-happycows\frontend\node_modules\react-query\lib\core\query.js:369:36)
[22m[39mAxiosError: Network Error
    at XMLHttpRequest.handleError [90m(file:///C:/Users/ivyho/OneDrive/Desktop
/happycows_cs156/proj-happycows/frontend/[39mnode_modules/[4maxios[24m/lib/a
dapters/xhr.js:110:14[90m)[39m
    at XMLHttpRequest.invokeTheCallbackFunction [90m(C:\Users\ivyho\OneDrive\D
esktop\happycows_cs156\proj-happycows\frontend\[39mnode_modules\[4mjsdom[24m
\lib\jsdom\living\generated\EventHandlerNonNull.js:18:28[90m)[39m
    at XMLHttpRequest.<anonymous> [90m(C:\Users\ivyho\OneDrive\Desktop\happyco
ws_cs156\proj-happycows\frontend\[39mnode_modules\[4mjsdom[24m\lib\jsdom\liv
ing\helpers\create-event-accessor.js:35:32[90m)[39m
    at innerInvokeEventListeners [90m(C:\Users\ivyho\OneDrive\Desktop\happycow
s_cs156\proj-happycows\frontend\[39mnode_modules\[4mjsdom[24m\lib\jsdom\livi
ng\events\EventTarget-impl.js:338:25[90m)[39m
    at invokeEventListeners [90m(C:\Users\ivyho\OneDrive\Desktop\happycows_cs1
56\proj-happycows\frontend\[39mnode_modules\[4mjsdom[24m\lib\jsdom\living\ev
ents\EventTarget-impl.js:274:3[90m)[39m
    at XMLHttpRequestImpl._dispatch [90m(C:\Users\ivyho\OneDrive\Desktop\happy
cows_cs156\proj-happycows\frontend\[39mnode_modules\[4mjsdom[24m\lib\jsdom\l
iving\events\EventTarget-impl.js:221:9[90m)[39m
    at fireAnEvent [90m(C:\Users\ivyho\OneDrive\Desktop\happycows_cs156\proj-h
appycows\frontend\[39mnode_modules\[4mjsdom[24m\lib\jsdom\living\helpers\eve
nts.js:18:36[90m)[39m
    at requestErrorSteps [90m(C:\Users\ivyho\OneDrive\Desktop\happycows_cs156\
proj-happycows\frontend\[39mnode_modules\[4mjsdom[24m\lib\jsdom\living\xhr\x
hr-utils.js:131:3[90m)[39m
    at Object.dispatchError [90m(C:\Users\ivyho\OneDrive\Desktop\happycows_cs1
56\proj-happycows\frontend\[39mnode_modules\[4mjsdom[24m\lib\jsdom\living\xh
r\xhr-utils.js:60:3[90m)[39m
    at Request.<anonymous> [90m(C:\Users\ivyho\OneDrive\Desktop\happycows_cs15
6\proj-happycows\frontend\[39mnode_modules\[4mjsdom[24m\lib\jsdom\living\xhr
\XMLHttpRequest-impl.js:655:18[90m)[39m
    at Axios.request [90m(file:///C:/Users/ivyho/OneDrive/Desktop/happycows_cs
156/proj-happycows/frontend/[39mnode_modules/[4maxios[24m/lib/core/Axios.js:
45:41[90m)[39m
[90m    at processTicksAndRejections 
(node:internal/process/task_queues:103:5)[39m
    at Object.queryFn [90m(C:\Users\ivyho\OneDrive\Desktop\happycows_cs156\pro
j-happycows\frontend\[39msrc\main\utils\useBackend.js:33:26[90m)[39m {
  code: [32m'ERR_NETWORK'[39m,
  config: {
    transitional: {
      silentJSONParsing: [33mtrue[39m,
      forcedJSONParsing: [33mtrue[39m,
      clarifyTimeoutError: [33mfalse[39m
    },
    adapter: [ [32m'xhr'[39m, [32m'http'[39m, [32m'fetch'[39m ],
    transformRequest: [ [36m[Function: transformRequest][39m ],
    transformResponse: [ [36m[Function: transformResponse][39m ],
    timeout: [33m0[39m,
    xsrfCookieName: [32m'XSRF-TOKEN'[39m,
    xsrfHeaderName: [32m'X-XSRF-TOKEN'[39m,
    maxContentLength: [33m-1[39m,
    maxBodyLength: [33m-1[39m,
    env: { FormData: [36m[Function [FormData]][39m, Blob: [36m[class 
Blob][39m },
    validateStatus: [36m[Function: validateStatus][39m,
    headers: Object [AxiosHeaders] {
      Accept: [32m'application/json, text/plain, */*'[39m,
      [32m'Content-Type'[39m: [90mundefined[39m
    },
    method: [32m'get'[39m,
    url: [32m'/api/profits/paged/commonsid'[39m,
    params: { commonsId: [90mundefined[39m, pageNumber: [33m0[39m, 
pageSize: [33m5[39m },
    allowAbsoluteUrls: [33mtrue[39m,
    data: [90mundefined[39m
  },
  request: XMLHttpRequest {}
}

 [32mΓ£ô[39m src/tests/utils/useBackend.test.jsx [2m([22m[2m5 tests[22m[2m)[22m[33m 1097[2mms[22m[39m
   [33m[2mΓ£ô[22m[39m utils/useBackend tests[2m > [22mutils/useBackend useBackendMutation tests[2m > [22museBackendMutation handles error correctly with response message [33m 386[2mms[22m[39m
 [32mΓ£ô[39m src/tests/components/Jobs/InstructorReportSpecificCommonsForm.test.jsx [2m([22m[2m4 tests[22m[2m)[22m[33m 1008[2mms[22m[39m
   [33m[2mΓ£ô[22m[39m InstructorReportSpecificCommonsForm tests[2m > [22mthe first item in commons array is selected by default [33m 480[2mms[22m[39m
 [32mΓ£ô[39m src/tests/components/Commons/ProfitsTable.test.jsx [2m([22m[2m2 tests[22m[2m)[22m[33m 562[2mms[22m[39m
 [32mΓ£ô[39m src/tests/utils/currentUser.test.jsx [2m([22m[2m7 tests[22m[2m)[22m[32m 298[2mms[22m[39m
 [32mΓ£ô[39m src/tests/pages/AdminStudentsIndexPage.test.jsx [2m([22m[2m1 test[22m[2m)[22m[33m 796[2mms[22m[39m
   [33m[2mΓ£ô[22m[39m AdminStudentsIndexPage tests[2m > [22mRenders expected content [33m 780[2mms[22m[39m
 [32mΓ£ô[39m src/tests/utils/users.test.jsx [2m([22m[2m5 tests[22m[2m)[22m[33m 441[2mms[22m[39m
 [32mΓ£ô[39m src/tests/pages/AdminCoursesIndexPage.test.jsx [2m([22m[2m1 test[22m[2m)[22m[33m 780[2mms[22m[39m
   [33m[2mΓ£ô[22m[39m AdminCoursesIndexPage tests[2m > [22mRenders expected content [33m 773[2mms[22m[39m
 [32mΓ£ô[39m src/tests/pages/AdminChatPage.test.jsx [2m([22m[2m5 tests[22m[2m)[22m[32m 275[2mms[22m[39m
 [32mΓ£ô[39m src/tests/pages/LoginPage.test.jsx [2m([22m[2m3 tests[22m[2m)[22m[33m 499[2mms[22m[39m
   [33m[2mΓ£ô[22m[39m LoginPage tests[2m > [22mrenders without crashing when lists return empty list [33m 403[2mms[22m[39m
 [32mΓ£ô[39m src/tests/components/Jobs/JobsTable.test.jsx [2m([22m[2m2 tests[22m[2m)[22m[33m 394[2mms[22m[39m
 [32mΓ£ô[39m src/tests/components/UserProfileTable.test.jsx [2m([22m[2m2 tests[22m[2m)[22m[32m 245[2mms[22m[39m
 [32mΓ£ô[39m src/tests/components/Commons/FarmStats.test.jsx [2m([22m[2m2 tests[22m[2m)[22m[33m 487[2mms[22m[39m
   [33m[2mΓ£ô[22m[39m FarmStats tests[2m > [22mrenders without crashing [33m 380[2mms[22m[39m
[90mstderr[2m | src/tests/components/Commons/ManageCows.test.jsx[2m > 
[22m[2mManageCows tests[2m > [22m[2mrenders without crashing
[22m[39mWarning: validateDOMNesting(...): <ul> cannot appear as a descendant 
of <p>.
    at ul
    at p
    at div
    at C:\Users\ivyho\OneDrive\Desktop\happycows_cs156\proj-happycows\frontend\
node_modules\react-bootstrap\cjs\CardBody.js:14:3
    at div
    at C:\Users\ivyho\OneDrive\Desktop\happycows_cs156\proj-happycows\frontend\
node_modules\react-bootstrap\cjs\Card.js:23:3
    at ManageCows (C:\Users\ivyho\OneDrive\Desktop\happycows_cs156\proj-happyco
ws\frontend\src\main\components\Commons\ManageCows.jsx:13:23)
    at QueryClientProvider (C:\Users\ivyho\OneDrive\Desktop\happycows_cs156\pro
j-happycows\frontend\node_modules\react-query\lib\react\QueryClientProvider.js:
45:21)

 [32mΓ£ô[39m src/tests/components/Commons/ManageCows.test.jsx [2m([22m[2m4 tests[22m[2m)[22m[32m 243[2mms[22m[39m
 [32mΓ£ô[39m src/tests/pages/AdminCoursesCreatePage.test.jsx [2m([22m[2m1 test[22m[2m)[22m[33m 456[2mms[22m[39m
   [33m[2mΓ£ô[22m[39m AdminCoursesCreatePage tests[2m > [22mRenders expected content [33m 451[2mms[22m[39m
 [32mΓ£ô[39m src/tests/components/Utils/Plaintext.test.jsx [2m([22m[2m3 tests[22m[2m)[22m[32m 196[2mms[22m[39m
 [32mΓ£ô[39m src/tests/components/Nav/Footer.test.jsx [2m([22m[2m2 tests[22m[2m)[22m[32m 172[2mms[22m[39m
 [32mΓ£ô[39m src/tests/pages/AdminStudentsEditPage.test.jsx [2m([22m[2m1 test[22m[2m)[22m[33m 369[2mms[22m[39m
   [33m[2mΓ£ô[22m[39m PlaceholderEditPage tests[2m > [22mRenders expected content [33m 363[2mms[22m[39m
 [32mΓ£ô[39m src/tests/pages/AdminStudentsCreatePage.test.jsx [2m([22m[2m1 test[22m[2m)[22m[32m 236[2mms[22m[39m
 [32mΓ£ô[39m src/tests/components/Profile/RoleBadge.test.jsx [2m([22m[2m3 tests[22m[2m)[22m[32m 213[2mms[22m[39m
 [32mΓ£ô[39m src/tests/components/Nav/AppNavbarLocalhost.test.jsx [2m([22m[2m1 test[22m[2m)[22m[33m 637[2mms[22m[39m
   [33m[2mΓ£ô[22m[39m AppNavbarLocalhost tests[2m > [22mrenders correctly [33m 630[2mms[22m[39m
 [32mΓ£ô[39m src/tests/components/Commons/CommonsOverview.test.jsx [2m([22m[2m3 tests[22m[2m)[22m[32m 264[2mms[22m[39m
 [32mΓ£ô[39m src/tests/components/Commons/CommonsSelect.test.jsx [2m([22m[2m1 test[22m[2m)[22m[32m 153[2mms[22m[39m
 [32mΓ£ô[39m src/tests/components/Commons/CommonsPlay.test.jsx [2m([22m[2m4 tests[22m[2m)[22m[32m 147[2mms[22m[39m
 [32mΓ£ô[39m src/tests/utils/dateUtils.test.jsx [2m([22m[2m15 tests[22m[2m)[22m[32m 84[2mms[22m[39m
 [32mΓ£ô[39m src/tests/indexHtml.test.jsx [2m([22m[2m1 test[22m[2m)[22m[32m 119[2mms[22m[39m
 [32mΓ£ô[39m src/tests/utils/leaderboardSortingUtils.test.jsx [2m([22m[2m12 tests[22m[2m)[22m[32m 16[2mms[22m[39m
 [32mΓ£ô[39m src/tests/utils/announcementUtils.test.jsx [2m([22m[2m12 tests[22m[2m)[22m[32m 28[2mms[22m[39m
 [32mΓ£ô[39m src/tests/utils/arrayUtils.test.jsx [2m([22m[2m4 tests[22m[2m)[22m[32m 15[2mms[22m[39m
 [32mΓ£ô[39m src/tests/components/Utils/HomePageBackground.test.jsx [2m([22m[2m4 tests[22m[2m)[22m[32m 17[2mms[22m[39m
 [32mΓ£ô[39m src/tests/utils/minMax_NoStryker.test.jsx [2m([22m[2m2 tests[22m[2m)[22m[32m 13[2mms[22m[39m
 [32mΓ£ô[39m src/tests/utils/commonsUtils.test.jsx [2m([22m[2m3 tests[22m[2m)[22m[32m 25[2mms[22m[39m
 [32mΓ£ô[39m src/tests/utils/courseUtils.test.jsx [2m([22m[2m2 tests[22m[2m)[22m[32m 25[2mms[22m[39m
 [32mΓ£ô[39m src/tests/components/Commons/HealthStrategiesUpdateDropdown.test.jsx [2m([22m[2m2 tests[22m[2m)[22m[32m 119[2mms[22m[39m
 [32mΓ£ô[39m src/tests/pages/LoadingPage.test.jsx [2m([22m[2m1 test[22m[2m)[22m[32m 184[2mms[22m[39m
 [32mΓ£ô[39m src/tests/components/Jobs/InstructorReportForm.test.jsx [2m([22m[2m1 test[22m[2m)[22m[32m 127[2mms[22m[39m
 [32mΓ£ô[39m src/tests/pages/AdminCoursesEditPage.test.jsx [2m([22m[2m1 test[22m[2m)[22m[32m 156[2mms[22m[39m

[2m Test Files [22m [1m[32m87 passed[39m[22m[90m (87)[39m
[2m      Tests [22m [1m[32m489 passed[39m[22m[90m (489)[39m
[2m   Start at [22m 20:31:20
[2m   Duration [22m 131.28s[2m (transform 11.20s, setup 187.87s, collect 583.94s, tests 126.41s, environment 1348.63s, prepare 128.24s)[22m

[34m % [39m[2mCoverage report from [22m[33mv8[39m

=============================== Coverage summary ===============================
Statements   : 99.97% ( 4897/4898 )
Branches     : 99.69% ( 648/650 )
Functions    : 100% ( 291/291 )
Lines        : 99.97% ( 4897/4898 )
================================================================================
ERROR: Coverage for lines (99.97%) does not meet global threshold (100%)
ERROR: Coverage for statements (99.97%) does not meet global threshold (100%)
ERROR: Coverage for branches (99.69%) does not meet global threshold (100%)
